Archive member included to satisfy reference by file (symbol)

d:/progra~2/stmicr~1/gcc-ar~1/bin/../lib/gcc/arm-none-eabi/10.3.1/thumb/v6-m/nofp\libgcc.a(_udivsi3.o)
                              CMakeFiles/CCY-MDisplay-Stick.elf.dir/Core/Src/delay.c.obj (__aeabi_uidiv)
d:/progra~2/stmicr~1/gcc-ar~1/bin/../lib/gcc/arm-none-eabi/10.3.1/thumb/v6-m/nofp\libgcc.a(_divsi3.o)
                              CMakeFiles/CCY-MDisplay-Stick.elf.dir/epd/gui/GUI_Paint.c.obj (__aeabi_idiv)
d:/progra~2/stmicr~1/gcc-ar~1/bin/../lib/gcc/arm-none-eabi/10.3.1/thumb/v6-m/nofp\libgcc.a(_dvmd_tls.o)
                              d:/progra~2/stmicr~1/gcc-ar~1/bin/../lib/gcc/arm-none-eabi/10.3.1/thumb/v6-m/nofp\libgcc.a(_udivsi3.o) (__aeabi_idiv0)
d:/progra~2/stmicr~1/gcc-ar~1/bin/../lib/gcc/arm-none-eabi/10.3.1/thumb/v6-m/nofp\libgcc.a(_aeabi_uldivmod.o)
                              CMakeFiles/CCY-MDisplay-Stick.elf.dir/Drivers/STM32L0xx_HAL_Driver/Src/stm32l0xx_hal_rcc.c.obj (__aeabi_uldivmod)
d:/progra~2/stmicr~1/gcc-ar~1/bin/../lib/gcc/arm-none-eabi/10.3.1/thumb/v6-m/nofp\libgcc.a(_muldi3.o)
                              CMakeFiles/CCY-MDisplay-Stick.elf.dir/Drivers/STM32L0xx_HAL_Driver/Src/stm32l0xx_hal_rcc.c.obj (__aeabi_lmul)
d:/progra~2/stmicr~1/gcc-ar~1/bin/../lib/gcc/arm-none-eabi/10.3.1/thumb/v6-m/nofp\libgcc.a(_udivmoddi4.o)
                              d:/progra~2/stmicr~1/gcc-ar~1/bin/../lib/gcc/arm-none-eabi/10.3.1/thumb/v6-m/nofp\libgcc.a(_aeabi_uldivmod.o) (__udivmoddi4)
d:/progra~2/stmicr~1/gcc-ar~1/bin/../lib/gcc/arm-none-eabi/10.3.1/thumb/v6-m/nofp\libgcc.a(mulsf3.o)
                              CMakeFiles/CCY-MDisplay-Stick.elf.dir/Core/Src/aht20.c.obj (__aeabi_fmul)
d:/progra~2/stmicr~1/gcc-ar~1/bin/../lib/gcc/arm-none-eabi/10.3.1/thumb/v6-m/nofp\libgcc.a(subsf3.o)
                              CMakeFiles/CCY-MDisplay-Stick.elf.dir/Core/Src/aht20.c.obj (__aeabi_fsub)
d:/progra~2/stmicr~1/gcc-ar~1/bin/../lib/gcc/arm-none-eabi/10.3.1/thumb/v6-m/nofp\libgcc.a(fixsfsi.o)
                              CMakeFiles/CCY-MDisplay-Stick.elf.dir/Core/Src/page_index.c.obj (__aeabi_f2iz)
d:/progra~2/stmicr~1/gcc-ar~1/bin/../lib/gcc/arm-none-eabi/10.3.1/thumb/v6-m/nofp\libgcc.a(floatunsisf.o)
                              CMakeFiles/CCY-MDisplay-Stick.elf.dir/Core/Src/aht20.c.obj (__aeabi_ui2f)
d:/progra~2/stmicr~1/gcc-ar~1/bin/../lib/gcc/arm-none-eabi/10.3.1/thumb/v6-m/nofp\libgcc.a(subdf3.o)
                              CMakeFiles/CCY-MDisplay-Stick.elf.dir/epd/gui/GUI_Paint.c.obj (__aeabi_dsub)
d:/progra~2/stmicr~1/gcc-ar~1/bin/../lib/gcc/arm-none-eabi/10.3.1/thumb/v6-m/nofp\libgcc.a(fixdfsi.o)
                              CMakeFiles/CCY-MDisplay-Stick.elf.dir/epd/gui/GUI_Paint.c.obj (__aeabi_d2iz)
d:/progra~2/stmicr~1/gcc-ar~1/bin/../lib/gcc/arm-none-eabi/10.3.1/thumb/v6-m/nofp\libgcc.a(floatsidf.o)
                              CMakeFiles/CCY-MDisplay-Stick.elf.dir/epd/gui/GUI_Paint.c.obj (__aeabi_i2d)
d:/progra~2/stmicr~1/gcc-ar~1/bin/../lib/gcc/arm-none-eabi/10.3.1/thumb/v6-m/nofp\libgcc.a(truncdfsf2.o)
                              CMakeFiles/CCY-MDisplay-Stick.elf.dir/epd/gui/GUI_Paint.c.obj (__aeabi_d2f)
d:/progra~2/stmicr~1/gcc-ar~1/bin/../lib/gcc/arm-none-eabi/10.3.1/thumb/v6-m/nofp\libgcc.a(_clzsi2.o)
                              d:/progra~2/stmicr~1/gcc-ar~1/bin/../lib/gcc/arm-none-eabi/10.3.1/thumb/v6-m/nofp\libgcc.a(mulsf3.o) (__clzsi2)
d:/progra~2/stmicr~1/gcc-ar~1/bin/../lib/gcc/arm-none-eabi/10.3.1/thumb/v6-m/nofp\libgcc.a(_clzdi2.o)
                              d:/progra~2/stmicr~1/gcc-ar~1/bin/../lib/gcc/arm-none-eabi/10.3.1/thumb/v6-m/nofp\libgcc.a(_udivmoddi4.o) (__clzdi2)
d:/progra~2/stmicr~1/gcc-ar~1/bin/../lib/gcc/arm-none-eabi/10.3.1/../../../../arm-none-eabi/lib/thumb/v6-m/nofp\libg.a(lib_a-errno.o)
                              CMakeFiles/CCY-MDisplay-Stick.elf.dir/Core/Src/syscalls.c.obj (__errno)
d:/progra~2/stmicr~1/gcc-ar~1/bin/../lib/gcc/arm-none-eabi/10.3.1/../../../../arm-none-eabi/lib/thumb/v6-m/nofp\libg.a(lib_a-exit.o)
                              d:/progra~2/stmicr~1/gcc-ar~1/bin/../lib/gcc/arm-none-eabi/10.3.1/../../../../arm-none-eabi/lib/thumb/v6-m/nofp/crt0.o (exit)
d:/progra~2/stmicr~1/gcc-ar~1/bin/../lib/gcc/arm-none-eabi/10.3.1/../../../../arm-none-eabi/lib/thumb/v6-m/nofp\libg.a(lib_a-impure.o)
                              d:/progra~2/stmicr~1/gcc-ar~1/bin/../lib/gcc/arm-none-eabi/10.3.1/../../../../arm-none-eabi/lib/thumb/v6-m/nofp\libg.a(lib_a-exit.o) (_global_impure_ptr)
d:/progra~2/stmicr~1/gcc-ar~1/bin/../lib/gcc/arm-none-eabi/10.3.1/../../../../arm-none-eabi/lib/thumb/v6-m/nofp\libg.a(lib_a-init.o)
                              d:/progra~2/stmicr~1/gcc-ar~1/bin/../lib/gcc/arm-none-eabi/10.3.1/../../../../arm-none-eabi/lib/thumb/v6-m/nofp/crt0.o (__libc_init_array)
d:/progra~2/stmicr~1/gcc-ar~1/bin/../lib/gcc/arm-none-eabi/10.3.1/../../../../arm-none-eabi/lib/thumb/v6-m/nofp\libg.a(lib_a-malloc.o)
[...]
Memory Configuration

Name             Origin             Length             Attributes
RAM              0x20000000         0x00005000         xrw
FLASH            0x08000000         0x00020000         xr
*default*        0x00000000         0xffffffff

Linker script and memory map

LOAD d:/progra~2/stmicr~1/gcc-ar~1/bin/../lib/gcc/arm-none-eabi/10.3.1/thumb/v6-m/nofp/crti.o
LOAD d:/progra~2/stmicr~1/gcc-ar~1/bin/../lib/gcc/arm-none-eabi/10.3.1/thumb/v6-m/nofp/crtbegin.o
LOAD d:/progra~2/stmicr~1/gcc-ar~1/bin/../lib/gcc/arm-none-eabi/10.3.1/../../../../arm-none-eabi/lib/thumb/v6-m/nofp/crt0.o
LOAD CMakeFiles/CCY-MDisplay-Stick.elf.dir/Core/Src/adc.c.obj
LOAD CMakeFiles/CCY-MDisplay-Stick.elf.dir/Core/Src/aht20.c.obj
LOAD CMakeFiles/CCY-MDisplay-Stick.elf.dir/Core/Src/delay.c.obj
LOAD CMakeFiles/CCY-MDisplay-Stick.elf.dir/Core/Src/display_logic.c.obj
LOAD CMakeFiles/CCY-MDisplay-Stick.elf.dir/Core/Src/ds1302.c.obj
LOAD CMakeFiles/CCY-MDisplay-Stick.elf.dir/Core/Src/gpio.c.obj
LOAD CMakeFiles/CCY-MDisplay-Stick.elf.dir/Core/Src/main.c.obj
LOAD CMakeFiles/CCY-MDisplay-Stick.elf.dir/Core/Src/page_datesetting.c.obj
LOAD CMakeFiles/CCY-MDisplay-Stick.elf.dir/Core/Src/page_index.c.obj
LOAD CMakeFiles/CCY-MDisplay-Stick.elf.dir/Core/Src/rtc.c.obj
LOAD CMakeFiles/CCY-MDisplay-Stick.elf.dir/Core/Src/spi.c.obj
LOAD CMakeFiles/CCY-MDisplay-Stick.elf.dir/Core/Src/stm32l0xx_hal_msp.c.obj
LOAD CMakeFiles/CCY-MDisplay-Stick.elf.dir/Core/Src/stm32l0xx_it.c.obj
LOAD CMakeFiles/CCY-MDisplay-Stick.elf.dir/Core/Src/syscalls.c.obj
LOAD CMakeFiles/CCY-MDisplay-Stick.elf.dir/Core/Src/sysmem.c.obj
LOAD CMakeFiles/CCY-MDisplay-Stick.elf.dir/Core/Src/system_stm32l0xx.c.obj
LOAD CMakeFiles/CCY-MDisplay-Stick.elf.dir/Core/Src/tim.c.obj
LOAD CMakeFiles/CCY-MDisplay-Stick.elf.dir/Core/Src/usart.c.obj
LOAD CMakeFiles/CCY-MDisplay-Stick.elf.dir/Core/Startup/startup_stm32l071cbtx.s.obj
LOAD CMakeFiles/CCY-MDisplay-Stick.elf.dir/Drivers/STM32L0xx_HAL_Driver/Src/stm32l0xx_hal.c.obj
LOAD CMakeFiles/CCY-MDisplay-Stick.elf.dir/Drivers/STM32L0xx_HAL_Driver/Src/stm32l0xx_hal_adc.c.obj
LOAD CMakeFiles/CCY-MDisplay-Stick.elf.dir/Drivers/STM32L0xx_HAL_Driver/Src/stm32l0xx_hal_adc_ex.c.obj
LOAD CMakeFiles/CCY-MDisplay-Stick.elf.dir/Drivers/STM32L0xx_HAL_Driver/Src/stm32l0xx_hal_cortex.c.obj
LOAD CMakeFiles/CCY-MDisplay-Stick.elf.dir/Drivers/STM32L0xx_HAL_Driver/Src/stm32l0xx_hal_dma.c.obj
LOAD CMakeFiles/CCY-MDisplay-Stick.elf.dir/Drivers/STM32L0xx_HAL_Driver/Src/stm32l0xx_hal_exti.c.obj
LOAD CMakeFiles/CCY-MDisplay-Stick.elf.dir/Drivers/STM32L0xx_HAL_Driver/Src/stm32l0xx_hal_flash.c.obj
LOAD CMakeFiles/CCY-MDisplay-Stick.elf.dir/Drivers/STM32L0xx_HAL_Driver/Src/stm32l0xx_hal_flash_ex.c.obj
LOAD CMakeFiles/CCY-MDisplay-Stick.elf.dir/Drivers/STM32L0xx_HAL_Driver/Src/stm32l0xx_hal_flash_ramfunc.c.obj
LOAD CMakeFiles/CCY-MDisplay-Stick.elf.dir/Drivers/STM32L0xx_HAL_Driver/Src/stm32l0xx_hal_gpio.c.obj
LOAD CMakeFiles/CCY-MDisplay-Stick.elf.dir/Drivers/STM32L0xx_HAL_Driver/Src/stm32l0xx_hal_i2c.c.obj
LOAD CMakeFiles/CCY-MDisplay-Stick.elf.dir/Drivers/STM32L0xx_HAL_Driver/Src/stm32l0xx_hal_i2c_ex.c.obj
LOAD CMakeFiles/CCY-MDisplay-Stick.elf.dir/Drivers/STM32L0xx_HAL_Driver/Src/stm32l0xx_hal_pwr.c.obj
LOAD CMakeFiles/CCY-MDisplay-Stick.elf.dir/Drivers/STM32L0xx_HAL_Driver/Src/stm32l0xx_hal_pwr_ex.c.obj
LOAD CMakeFiles/CCY-MDisplay-Stick.elf.dir/Drivers/STM32L0xx_HAL_Driver/Src/stm32l0xx_hal_rcc.c.obj
LOAD CMakeFiles/CCY-MDisplay-Stick.elf.dir/Drivers/STM32L0xx_HAL_Driver/Src/stm32l0xx_hal_rcc_ex.c.obj
LOAD CMakeFiles/CCY-MDisplay-Stick.elf.dir/Drivers/STM32L0xx_HAL_Driver/Src/stm32l0xx_hal_rtc.c.obj
LOAD CMakeFiles/CCY-MDisplay-Stick.elf.dir/Drivers/STM32L0xx_HAL_Driver/Src/stm32l0xx_hal_rtc_ex.c.obj
LOAD CMakeFiles/CCY-MDisplay-Stick.elf.dir/Drivers/STM32L0xx_HAL_Driver/Src/stm32l0xx_hal_spi.c.obj
LOAD CMakeFiles/CCY-MDisplay-Stick.elf.dir/Drivers/STM32L0xx_HAL_Driver/Src/stm32l0xx_hal_tim.c.obj
LOAD CMakeFiles/CCY-MDisplay-Stick.elf.dir/Drivers/STM32L0xx_HAL_Driver/Src/stm32l0xx_hal_tim_ex.c.obj
LOAD CMakeFiles/CCY-MDisplay-Stick.elf.dir/Drivers/STM32L0xx_HAL_Driver/Src/stm32l0xx_hal_uart.c.obj
LOAD CMakeFiles/CCY-MDisplay-Stick.elf.dir/Drivers/STM32L0xx_HAL_Driver/Src/stm32l0xx_hal_uart_ex.c.obj
LOAD CMakeFiles/CCY-MDisplay-Stick.elf.dir/epd/config/DEV_Config.c.obj
LOAD CMakeFiles/CCY-MDisplay-Stick.elf.dir/epd/epd213/EPD_2in13bc.c.obj
LOAD CMakeFiles/CCY-MDisplay-Stick.elf.dir/epd/examples/EPD_2in13bc_test.c.obj
LOAD CMakeFiles/CCY-MDisplay-Stick.elf.dir/epd/fonts/font12.c.obj
LOAD CMakeFiles/CCY-MDisplay-Stick.elf.dir/epd/fonts/font12CN.c.obj
LOAD CMakeFiles/CCY-MDisplay-Stick.elf.dir/epd/fonts/font16.c.obj
LOAD CMakeFiles/CCY-MDisplay-Stick.elf.dir/epd/fonts/font20.c.obj
LOAD CMakeFiles/CCY-MDisplay-Stick.elf.dir/epd/fonts/font24.c.obj
LOAD CMakeFiles/CCY-MDisplay-Stick.elf.dir/epd/fonts/font24CN.c.obj
LOAD CMakeFiles/CCY-MDisplay-Stick.elf.dir/epd/fonts/font8.c.obj
LOAD CMakeFiles/CCY-MDisplay-Stick.elf.dir/epd/gui/GUI_Paint.c.obj
START GROUP
LOAD d:/progra~2/stmicr~1/gcc-ar~1/bin/../lib/gcc/arm-none-eabi/10.3.1/thumb/v6-m/nofp\libgcc.a
LOAD d:/progra~2/stmicr~1/gcc-ar~1/bin/../lib/gcc/arm-none-eabi/10.3.1/../../../../arm-none-eabi/lib/thumb/v6-m/nofp\libg.a
LOAD d:/progra~2/stmicr~1/gcc-ar~1/bin/../lib/gcc/arm-none-eabi/10.3.1/../../../../arm-none-eabi/lib/thumb/v6-m/nofp\libc.a
END GROUP
LOAD d:/progra~2/stmicr~1/gcc-ar~1/bin/../lib/gcc/arm-none-eabi/10.3.1/thumb/v6-m/nofp/crtend.o
LOAD d:/progra~2/stmicr~1/gcc-ar~1/bin/../lib/gcc/arm-none-eabi/10.3.1/thumb/v6-m/nofp/crtn.o
                0x20005000                _estack = (ORIGIN (RAM) + LENGTH (RAM))
                0x00000200                _Min_Heap_Size = 0x200
                0x00000400                _Min_Stack_Size = 0x400

.isr_vector     0x08000000       0xc0
                0x08000000                . = ALIGN (0x4)
 *(.isr_vector)
 .isr_vector    0x08000000       0xc0 CMakeFiles/CCY-MDisplay-Stick.elf.dir/Core/Startup/startup_stm32l071cbtx.s.obj
                0x08000000                g_pfnVectors
                0x080000c0                . = ALIGN (0x4)

.text           0x080000c0     0xc4b0
                0x080000c0                . = ALIGN (0x4)
 *(.text)
 .text          0x080000c0       0x48 d:/progra~2/stmicr~1/gcc-ar~1/bin/../lib/gcc/arm-none-eabi/10.3.1/thumb/v6-m/nofp/crtbegin.o
 .text          0x08000108      0x114 d:/progra~2/stmicr~1/gcc-ar~1/bin/../lib/gcc/arm-none-eabi/10.3.1/thumb/v6-m/nofp\libgcc.a(_udivsi3.o)
                0x08000108                __aeabi_uidiv
                0x08000108                __udivsi3
                0x08000214                __aeabi_uidivmod
 .text          0x0800021c      0x1d4 d:/progra~2/stmicr~1/gcc-ar~1/bin/../lib/gcc/arm-none-eabi/10.3.1/thumb/v6-m/nofp\libgcc.a(_divsi3.o)
                0x0800021c                __divsi3
                0x0800021c                __aeabi_idiv
                0x080003e8                __aeabi_idivmod
 .text          0x080003f0        0x4 d:/progra~2/stmicr~1/gcc-ar~1/bin/../lib/gcc/arm-none-eabi/10.3.1/thumb/v6-m/nofp\libgcc.a(_dvmd_tls.o)
                0x080003f0                __aeabi_idiv0
                0x080003f0                __aeabi_ldiv0
 .text          0x080003f4       0x40 d:/progra~2/stmicr~1/gcc-ar~1/bin/../lib/gcc/arm-none-eabi/10.3.1/thumb/v6-m/nofp\libgcc.a(_aeabi_uldivmod.o)
                0x080003f4                __aeabi_uldivmod
 .text          0x08000434       0x5c d:/progra~2/stmicr~1/gcc-ar~1/bin/../lib/gcc/arm-none-eabi/10.3.1/thumb/v6-m/nofp\libgcc.a(_muldi3.o)
                0x08000434                __muldi3
                0x08000434                __aeabi_lmul
 .text          0x08000490      0x198 d:/progra~2/stmicr~1/gcc-ar~1/bin/../lib/gcc/arm-none-eabi/10.3.1/thumb/v6-m/nofp\libgcc.a(_udivmoddi4.o)
                0x08000490                __udivmoddi4
 .text          0x08000628      0x724 d:/progra~2/stmicr~1/gcc-ar~1/bin/../lib/gcc/arm-none-eabi/10.3.1/thumb/v6-m/nofp\libgcc.a(subdf3.o)
                0x08000628                __aeabi_dsub
 .text          0x08000d4c       0x6c d:/progra~2/stmicr~1/gcc-ar~1/bin/../lib/gcc/arm-none-eabi/10.3.1/thumb/v6-m/nofp\libgcc.a(fixdfsi.o)
                0x08000d4c                __aeabi_d2iz
 .text          0x08000db8       0x60 d:/progra~2/stmicr~1/gcc-ar~1/bin/../lib/gcc/arm-none-eabi/10.3.1/thumb/v6-m/nofp\libgcc.a(floatsidf.o)
                0x08000db8                __aeabi_i2d
 .text          0x08000e18       0x3c d:/progra~2/stmicr~1/gcc-ar~1/bin/../lib/gcc/arm-none-eabi/10.3.1/thumb/v6-m/nofp\libgcc.a(_clzsi2.o)
                0x08000e18                __clzsi2
 .text          0x08000e54       0x18 d:/progra~2/stmicr~1/gcc-ar~1/bin/../lib/gcc/arm-none-eabi/10.3.1/thumb/v6-m/nofp\libgcc.a(_clzdi2.o)
                0x08000e54                __clzdi2
 .text          0x08000e6c       0x7c d:/progra~2/stmicr~1/gcc-ar~1/bin/../lib/gcc/arm-none-eabi/10.3.1/thumb/v6-m/nofp\libgcc.a(_arm_cmpdf2.o)
                0x08000e6c                __aeabi_cdrcmple
                0x08000e7c                __aeabi_cdcmple
                0x08000e7c                __aeabi_cdcmpeq
                0x08000e8c                __aeabi_dcmpeq
                0x08000e98                __aeabi_dcmplt
                0x08000eac                __aeabi_dcmple
                0x08000ec0                __aeabi_dcmpgt
                0x08000ed4                __aeabi_dcmpge
 .text          0x08000ee8      0x678 d:/progra~2/stmicr~1/gcc-ar~1/bin/../lib/gcc/arm-none-eabi/10.3.1/thumb/v6-m/nofp\libgcc.a(adddf3.o)
                0x08000ee8                __aeabi_dadd
 .text          0x08001560      0x5ec d:/progra~2/stmicr~1/gcc-ar~1/bin/../lib/gcc/arm-none-eabi/10.3.1/thumb/v6-m/nofp\libgcc.a(divdf3.o)
                0x08001560                __aeabi_ddiv
 .text          0x08001b4c       0x84 d:/progra~2/stmicr~1/gcc-ar~1/bin/../lib/gcc/arm-none-eabi/10.3.1/thumb/v6-m/nofp\libgcc.a(eqdf2.o)
                0x08001b4c                __nedf2
                0x08001b4c                __eqdf2
 .text          0x08001bd0       0xcc d:/progra~2/stmicr~1/gcc-ar~1/bin/../lib/gcc/arm-none-eabi/10.3.1/thumb/v6-m/nofp\libgcc.a(gedf2.o)
                0x08001bd0                __gedf2
                0x08001bd0                __gtdf2
 .text          0x08001c9c       0xc8 d:/progra~2/stmicr~1/gcc-ar~1/bin/../lib/gcc/arm-none-eabi/10.3.1/thumb/v6-m/nofp\libgcc.a(ledf2.o)
                0x08001c9c                __ledf2
                0x08001c9c                __ltdf2
 .text          0x08001d64      0x4d8 d:/progra~2/stmicr~1/gcc-ar~1/bin/../lib/gcc/arm-none-eabi/10.3.1/thumb/v6-m/nofp\libgcc.a(muldf3.o)
                0x08001d64                __aeabi_dmul
 .text          0x0800223c       0x3c d:/progra~2/stmicr~1/gcc-ar~1/bin/../lib/gcc/arm-none-eabi/10.3.1/thumb/v6-m/nofp\libgcc.a(unorddf2.o)
                0x0800223c                __aeabi_dcmpun
 .text          0x08002278       0x4c d:/progra~2/stmicr~1/gcc-ar~1/bin/../lib/gcc/arm-none-eabi/10.3.1/thumb/v6-m/nofp\libgcc.a(floatunsidf.o)
                0x08002278                __aeabi_ui2d
 *(.text*)
 .text.MX_ADC_Init
                0x080022c4       0x80 CMakeFiles/CCY-MDisplay-Stick.elf.dir/Core/Src/adc.c.obj
                0x080022c4                MX_ADC_Init
 .text.HAL_ADC_MspInit
                0x08002344       0x64 CMakeFiles/CCY-MDisplay-Stick.elf.dir/Core/Src/adc.c.obj
                0x08002344                HAL_ADC_MspInit
 .text.SensorAHT20_Delay_Us
                0x080023a8        0x8 CMakeFiles/CCY-MDisplay-Stick.elf.dir/Core/Src/aht20.c.obj
                0x080023a8                SensorAHT20_Delay_Us
 .text.Delay_4us
                0x080023b0        0xa CMakeFiles/CCY-MDisplay-Stick.elf.dir/Core/Src/aht20.c.obj
                0x080023b0                Delay_4us
 .text.Delay_5us
                0x080023ba        0xa CMakeFiles/CCY-MDisplay-Stick.elf.dir/Core/Src/aht20.c.obj
                0x080023ba                Delay_5us
 .text.Delay_1ms
                0x080023c4        0x8 CMakeFiles/CCY-MDisplay-Stick.elf.dir/Core/Src/aht20.c.obj
                0x080023c4                Delay_1ms
 .text.SDA_Pin_Output_High
                0x080023cc       0x38 CMakeFiles/CCY-MDisplay-Stick.elf.dir/Core/Src/aht20.c.obj
                0x080023cc                SDA_Pin_Output_High
 .text.SDA_Pin_Output_Low
                0x08002404       0x38 CMakeFiles/CCY-MDisplay-Stick.elf.dir/Core/Src/aht20.c.obj
                0x08002404                SDA_Pin_Output_Low
 .text.SDA_Pin_IN_FLOATING
                0x0800243c       0x24 CMakeFiles/CCY-MDisplay-Stick.elf.dir/Core/Src/aht20.c.obj
                0x0800243c                SDA_Pin_IN_FLOATING
 .text.SCL_Pin_Output_High
                0x08002460       0x14 CMakeFiles/CCY-MDisplay-Stick.elf.dir/Core/Src/aht20.c.obj
                0x08002460                SCL_Pin_Output_High
 .text.SCL_Pin_Output_Low
                0x08002474       0x14 CMakeFiles/CCY-MDisplay-Stick.elf.dir/Core/Src/aht20.c.obj
                0x08002474                SCL_Pin_Output_Low
 .text.I2C_Start1
                0x08002488       0x2c CMakeFiles/CCY-MDisplay-Stick.elf.dir/Core/Src/aht20.c.obj
                0x08002488                I2C_Start1
 .text.AHT20_WR_Byte
                0x080024b4       0x4a CMakeFiles/CCY-MDisplay-Stick.elf.dir/Core/Src/aht20.c.obj
                0x080024b4                AHT20_WR_Byte
 *fill*         0x080024fe        0x2 
 .text.AHT20_RD_Byte
                0x08002500       0x58 CMakeFiles/CCY-MDisplay-Stick.elf.dir/Core/Src/aht20.c.obj
                0x08002500                AHT20_RD_Byte
 .text.Receive_ACK
                0x08002558       0x50 CMakeFiles/CCY-MDisplay-Stick.elf.dir/Core/Src/aht20.c.obj
                0x08002558                Receive_ACK
 .text.Send_ACK
                0x080025a8       0x36 CMakeFiles/CCY-MDisplay-Stick.elf.dir/Core/Src/aht20.c.obj
                0x080025a8                Send_ACK
 .text.Send_NOT_ACK
                0x080025de       0x36 CMakeFiles/CCY-MDisplay-Stick.elf.dir/Core/Src/aht20.c.obj
                0x080025de                Send_NOT_ACK
 .text.Stop_I2C
                0x08002614       0x22 CMakeFiles/CCY-MDisplay-Stick.elf.dir/Core/Src/aht20.c.obj
                0x08002614                Stop_I2C
 .text.AHT20_Read_Status
                0x08002636       0x22 CMakeFiles/CCY-MDisplay-Stick.elf.dir/Core/Src/aht20.c.obj
                0x08002636                AHT20_Read_Status
 .text.JH_Reset_REG
                0x08002658       0xa6 CMakeFiles/CCY-MDisplay-Stick.elf.dir/Core/Src/aht20.c.obj
                0x08002658                JH_Reset_REG
 .text.AHT20_Start_Init
                0x080026fe       0x16 CMakeFiles/CCY-MDisplay-Stick.elf.dir/Core/Src/aht20.c.obj
                0x080026fe                AHT20_Start_Init
 .text.aht20_init
                0x08002714       0x1c CMakeFiles/CCY-MDisplay-Stick.elf.dir/Core/Src/aht20.c.obj
                0x08002714                aht20_init
 .text.delay_init
                0x08002730       0x28 CMakeFiles/CCY-MDisplay-Stick.elf.dir/Core/Src/delay.c.obj
                0x08002730                delay_init
 .text.delay_us
                0x08002758       0x38 CMakeFiles/CCY-MDisplay-Stick.elf.dir/Core/Src/delay.c.obj
                0x08002758                delay_us
 .text.delay_ms
                0x08002790       0x44 CMakeFiles/CCY-MDisplay-Stick.elf.dir/Core/Src/delay.c.obj
                0x08002790                delay_ms
 .text.logicInit
                0x080027d4       0x18 CMakeFiles/CCY-MDisplay-Stick.elf.dir/Core/Src/display_logic.c.obj
                0x080027d4                logicInit
 .text.buttonPressSet
                0x080027ec       0x20 CMakeFiles/CCY-MDisplay-Stick.elf.dir/Core/Src/display_logic.c.obj
                0x080027ec                buttonPressSet
 .text.buttonPressUp
                0x0800280c       0x20 CMakeFiles/CCY-MDisplay-Stick.elf.dir/Core/Src/display_logic.c.obj
                0x0800280c                buttonPressUp
 .text.buttonPressDown
                0x0800282c       0x20 CMakeFiles/CCY-MDisplay-Stick.elf.dir/Core/Src/display_logic.c.obj
                0x0800282c                buttonPressDown
 .text.buttonPressLongSet
                0x0800284c       0x20 CMakeFiles/CCY-MDisplay-Stick.elf.dir/Core/Src/display_logic.c.obj
                0x0800284c                buttonPressLongSet
 .text.HAL_GPIO_EXTI_Callback
                0x0800286c       0x68 CMakeFiles/CCY-MDisplay-Stick.elf.dir/Core/Src/display_logic.c.obj
                0x0800286c                HAL_GPIO_EXTI_Callback
 .text.HAL_ADC_ConvCpltCallback
                0x080028d4        0xc CMakeFiles/CCY-MDisplay-Stick.elf.dir/Core/Src/display_logic.c.obj
                0x080028d4                HAL_ADC_ConvCpltCallback
 .text.logicRun
                0x080028e0       0x34 CMakeFiles/CCY-MDisplay-Stick.elf.dir/Core/Src/display_logic.c.obj
                0x080028e0                logicRun
 .text.MX_GPIO_Init
                0x08002914      0x10c CMakeFiles/CCY-MDisplay-Stick.elf.dir/Core/Src/gpio.c.obj
                0x08002914                MX_GPIO_Init
 .text.Error_Handler
                0x08002a20       0x18 CMakeFiles/CCY-MDisplay-Stick.elf.dir/Core/Src/main.c.obj
                0x08002a20                Error_Handler
 .text.SystemClock_Config
                0x08002a38       0x9c CMakeFiles/CCY-MDisplay-Stick.elf.dir/Core/Src/main.c.obj
                0x08002a38                SystemClock_Config
 .text.main     0x08002ad4       0x32 CMakeFiles/CCY-MDisplay-Stick.elf.dir/Core/Src/main.c.obj
                0x08002ad4                main
 .text.dateSettingDisplayShow
                0x08002b06        0x2 CMakeFiles/CCY-MDisplay-Stick.elf.dir/Core/Src/page_datesetting.c.obj
                0x08002b06                dateSettingDisplayShow
 .text.indexPageHandlerClick
                0x08002b08       0x50 CMakeFiles/CCY-MDisplay-Stick.elf.dir/Core/Src/page_index.c.obj
                0x08002b08                indexPageHandlerClick
 .text.updateAdc
                0x08002b58       0x10 CMakeFiles/CCY-MDisplay-Stick.elf.dir/Core/Src/page_index.c.obj
                0x08002b58                updateAdc
 .text.indexDisplayShow
                0x08002b68       0x24 CMakeFiles/CCY-MDisplay-Stick.elf.dir/Core/Src/page_index.c.obj
                0x08002b68                indexDisplayShow
 .text.MX_RTC_Init
                0x08002b8c       0x88 CMakeFiles/CCY-MDisplay-Stick.elf.dir/Core/Src/rtc.c.obj
                0x08002b8c                MX_RTC_Init
 .text.HAL_RTC_MspInit
                0x08002c14       0x20 CMakeFiles/CCY-MDisplay-Stick.elf.dir/Core/Src/rtc.c.obj
                0x08002c14                HAL_RTC_MspInit
 .text.MX_SPI1_Init
                0x08002c34       0x48 CMakeFiles/CCY-MDisplay-Stick.elf.dir/Core/Src/spi.c.obj
                0x08002c34                MX_SPI1_Init
 .text.HAL_SPI_MspInit
                0x08002c7c       0x58 CMakeFiles/CCY-MDisplay-Stick.elf.dir/Core/Src/spi.c.obj
                0x08002c7c                HAL_SPI_MspInit
 .text.HAL_MspInit
                0x08002cd4       0x2c CMakeFiles/CCY-MDisplay-Stick.elf.dir/Core/Src/stm32l0xx_hal_msp.c.obj
                0x08002cd4                HAL_MspInit
 .text.NMI_Handler
                0x08002d00        0x2 CMakeFiles/CCY-MDisplay-Stick.elf.dir/Core/Src/stm32l0xx_it.c.obj
                0x08002d00                NMI_Handler
 .text.HardFault_Handler
                0x08002d02        0x2 CMakeFiles/CCY-MDisplay-Stick.elf.dir/Core/Src/stm32l0xx_it.c.obj
                0x08002d02                HardFault_Handler
 .text.SVC_Handler
                0x08002d04        0x2 CMakeFiles/CCY-MDisplay-Stick.elf.dir/Core/Src/stm32l0xx_it.c.obj
                0x08002d04                SVC_Handler
 .text.PendSV_Handler
                0x08002d06        0x2 CMakeFiles/CCY-MDisplay-Stick.elf.dir/Core/Src/stm32l0xx_it.c.obj
                0x08002d06                PendSV_Handler
 .text.SysTick_Handler
                0x08002d08        0x8 CMakeFiles/CCY-MDisplay-Stick.elf.dir/Core/Src/stm32l0xx_it.c.obj
                0x08002d08                SysTick_Handler
 .text.RCC_IRQHandler
                0x08002d10        0x2 CMakeFiles/CCY-MDisplay-Stick.elf.dir/Core/Src/stm32l0xx_it.c.obj
                0x08002d10                RCC_IRQHandler
 .text.EXTI4_15_IRQHandler
                0x08002d12       0x1c CMakeFiles/CCY-MDisplay-Stick.elf.dir/Core/Src/stm32l0xx_it.c.obj
                0x08002d12                EXTI4_15_IRQHandler
 *fill*         0x08002d2e        0x2 
 .text.ADC1_COMP_IRQHandler
                0x08002d30       0x10 CMakeFiles/CCY-MDisplay-Stick.elf.dir/Core/Src/stm32l0xx_it.c.obj
                0x08002d30                ADC1_COMP_IRQHandler
 .text.USART1_IRQHandler
                0x08002d40       0x10 CMakeFiles/CCY-MDisplay-Stick.elf.dir/Core/Src/stm32l0xx_it.c.obj
                0x08002d40                USART1_IRQHandler
 .text._getpid  0x08002d50        0x4 CMakeFiles/CCY-MDisplay-Stick.elf.dir/Core/Src/syscalls.c.obj
                0x08002d50                _getpid
 .text._kill    0x08002d54       0x10 CMakeFiles/CCY-MDisplay-Stick.elf.dir/Core/Src/syscalls.c.obj
                0x08002d54                _kill
 .text._exit    0x08002d64        0xc CMakeFiles/CCY-MDisplay-Stick.elf.dir/Core/Src/syscalls.c.obj
                0x08002d64                _exit
 .text._read    0x08002d70       0x1c CMakeFiles/CCY-MDisplay-Stick.elf.dir/Core/Src/syscalls.c.obj
                0x08002d70                _read
 .text._write   0x08002d8c       0x1c CMakeFiles/CCY-MDisplay-Stick.elf.dir/Core/Src/syscalls.c.obj
                0x08002d8c                _write
 .text._close   0x08002da8        0x6 CMakeFiles/CCY-MDisplay-Stick.elf.dir/Core/Src/syscalls.c.obj
                0x08002da8                _close
 .text._fstat   0x08002dae        0xa CMakeFiles/CCY-MDisplay-Stick.elf.dir/Core/Src/syscalls.c.obj
                0x08002dae                _fstat
 .text._isatty  0x08002db8        0x4 CMakeFiles/CCY-MDisplay-Stick.elf.dir/Core/Src/syscalls.c.obj
                0x08002db8                _isatty
 .text._lseek   0x08002dbc        0x4 CMakeFiles/CCY-MDisplay-Stick.elf.dir/Core/Src/syscalls.c.obj
                0x08002dbc                _lseek
 .text._sbrk    0x08002dc0       0x48 CMakeFiles/CCY-MDisplay-Stick.elf.dir/Core/Src/sysmem.c.obj
                0x08002dc0                _sbrk
 .text.SystemInit
                0x08002e08        0x2 CMakeFiles/CCY-MDisplay-Stick.elf.dir/Core/Src/system_stm32l0xx.c.obj
                0x08002e08                SystemInit
 *fill*         0x08002e0a        0x2 
 .text.MX_TIM6_Init
                0x08002e0c       0x58 CMakeFiles/CCY-MDisplay-Stick.elf.dir/Core/Src/tim.c.obj
                0x08002e0c                MX_TIM6_Init
 .text.HAL_TIM_Base_MspInit
                0x08002e64       0x20 CMakeFiles/CCY-MDisplay-Stick.elf.dir/Core/Src/tim.c.obj
                0x08002e64                HAL_TIM_Base_MspInit
 .text.stopTim6
                0x08002e84       0x20 CMakeFiles/CCY-MDisplay-Stick.elf.dir/Core/Src/tim.c.obj
                0x08002e84                stopTim6
 .text.startTim6
                0x08002ea4       0x1c CMakeFiles/CCY-MDisplay-Stick.elf.dir/Core/Src/tim.c.obj
                0x08002ea4                startTim6
 .text.getTim6Counter
                0x08002ec0       0x10 CMakeFiles/CCY-MDisplay-Stick.elf.dir/Core/Src/tim.c.obj
                0x08002ec0                getTim6Counter
 .text.MX_USART1_UART_Init
                0x08002ed0       0x3c CMakeFiles/CCY-MDisplay-Stick.elf.dir/Core/Src/usart.c.obj
                0x08002ed0                MX_USART1_UART_Init
 .text.HAL_UART_MspInit
                0x08002f0c       0x70 CMakeFiles/CCY-MDisplay-Stick.elf.dir/Core/Src/usart.c.obj
                0x08002f0c                HAL_UART_MspInit
 .text.__io_putchar
                0x08002f7c       0x20 CMakeFiles/CCY-MDisplay-Stick.elf.dir/Core/Src/usart.c.obj
                0x08002f7c                __io_putchar
 .text.Reset_Handler
                0x08002f9c       0x50 CMakeFiles/CCY-MDisplay-Stick.elf.dir/Core/Startup/startup_stm32l071cbtx.s.obj
                0x08002f9c                Reset_Handler
 .text.Default_Handler
                0x08002fec        0x2 CMakeFiles/CCY-MDisplay-Stick.elf.dir/Core/Startup/startup_stm32l071cbtx.s.obj
                0x08002fec                TIM6_IRQHandler
                0x08002fec                PVD_IRQHandler
                0x08002fec                I2C1_IRQHandler
                0x08002fec                SPI1_IRQHandler
                0x08002fec                EXTI2_3_IRQHandler
                0x08002fec                I2C2_IRQHandler
                0x08002fec                RTC_IRQHandler
                0x08002fec                DMA1_Channel4_5_6_7_IRQHandler
                0x08002fec                TIM3_IRQHandler
                0x08002fec                DMA1_Channel1_IRQHandler
                0x08002fec                USART4_5_IRQHandler
                0x08002fec                Default_Handler
                0x08002fec                TIM22_IRQHandler
                0x08002fec                TIM7_IRQHandler
                0x08002fec                EXTI0_1_IRQHandler
                0x08002fec                I2C3_IRQHandler
                0x08002fec                SPI2_IRQHandler
                0x08002fec                TIM21_IRQHandler
                0x08002fec                WWDG_IRQHandler
                0x08002fec                LPUART1_IRQHandler
                0x08002fec                TIM2_IRQHandler
                0x08002fec                DMA1_Channel2_3_IRQHandler
                0x08002fec                USART2_IRQHandler
                0x08002fec                FLASH_IRQHandler
                0x08002fec                LPTIM1_IRQHandler
 *fill*         0x08002fee        0x2 
 .text.HAL_InitTick
                0x08002ff0       0x50 CMakeFiles/CCY-MDisplay-Stick.elf.dir/Drivers/STM32L0xx_HAL_Driver/Src/stm32l0xx_hal.c.obj
                0x08002ff0                HAL_InitTick
 .text.HAL_Init
                0x08003040       0x28 CMakeFiles/CCY-MDisplay-Stick.elf.dir/Drivers/STM32L0xx_HAL_Driver/Src/stm32l0xx_hal.c.obj
                0x08003040                HAL_Init
 .text.HAL_IncTick
                0x08003068       0x18 CMakeFiles/CCY-MDisplay-Stick.elf.dir/Drivers/STM32L0xx_HAL_Driver/Src/stm32l0xx_hal.c.obj
                0x08003068                HAL_IncTick
 .text.HAL_GetTick
                0x08003080        0xc CMakeFiles/CCY-MDisplay-Stick.elf.dir/Drivers/STM32L0xx_HAL_Driver/Src/stm32l0xx_hal.c.obj
                0x08003080                HAL_GetTick
 .text.ADC_DelayMicroSecond
                0x0800308c       0x30 CMakeFiles/CCY-MDisplay-Stick.elf.dir/Drivers/STM32L0xx_HAL_Driver/Src/stm32l0xx_hal_adc.c.obj
 .text.HAL_ADC_Init
                0x080030bc      0x1ec CMakeFiles/CCY-MDisplay-Stick.elf.dir/Drivers/STM32L0xx_HAL_Driver/Src/stm32l0xx_hal_adc.c.obj
                0x080030bc                HAL_ADC_Init
 .text.HAL_ADC_GetValue
                0x080032a8        0x6 CMakeFiles/CCY-MDisplay-Stick.elf.dir/Drivers/STM32L0xx_HAL_Driver/Src/stm32l0xx_hal_adc.c.obj
                0x080032a8                HAL_ADC_GetValue
 .text.HAL_ADC_LevelOutOfWindowCallback
                0x080032ae        0x2 CMakeFiles/CCY-MDisplay-Stick.elf.dir/Drivers/STM32L0xx_HAL_Driver/Src/stm32l0xx_hal_adc.c.obj
                0x080032ae                HAL_ADC_LevelOutOfWindowCallback
 .text.HAL_ADC_ErrorCallback
                0x080032b0        0x2 CMakeFiles/CCY-MDisplay-Stick.elf.dir/Drivers/STM32L0xx_HAL_Driver/Src/stm32l0xx_hal_adc.c.obj
                0x080032b0                HAL_ADC_ErrorCallback
 *fill*         0x080032b2        0x2 
 .text.HAL_ADC_IRQHandler
                0x080032b4       0xd8 CMakeFiles/CCY-MDisplay-Stick.elf.dir/Drivers/STM32L0xx_HAL_Driver/Src/stm32l0xx_hal_adc.c.obj
                0x080032b4                HAL_ADC_IRQHandler
 .text.HAL_ADC_ConfigChannel
                0x0800338c       0xbc CMakeFiles/CCY-MDisplay-Stick.elf.dir/Drivers/STM32L0xx_HAL_Driver/Src/stm32l0xx_hal_adc.c.obj
                0x0800338c                HAL_ADC_ConfigChannel
 .text.HAL_NVIC_SetPriority
                0x08003448       0x60 CMakeFiles/CCY-MDisplay-Stick.elf.dir/Drivers/STM32L0xx_HAL_Driver/Src/stm32l0xx_hal_cortex.c.obj
                0x08003448                HAL_NVIC_SetPriority
 .text.HAL_NVIC_EnableIRQ
                0x080034a8       0x18 CMakeFiles/CCY-MDisplay-Stick.elf.dir/Drivers/STM32L0xx_HAL_Driver/Src/stm32l0xx_hal_cortex.c.obj
                0x080034a8                HAL_NVIC_EnableIRQ
 .text.HAL_SYSTICK_Config
                0x080034c0       0x38 CMakeFiles/CCY-MDisplay-Stick.elf.dir/Drivers/STM32L0xx_HAL_Driver/Src/stm32l0xx_hal_cortex.c.obj
                0x080034c0                HAL_SYSTICK_Config
 .text.HAL_SYSTICK_CLKSourceConfig
                0x080034f8       0x20 CMakeFiles/CCY-MDisplay-Stick.elf.dir/Drivers/STM32L0xx_HAL_Driver/Src/stm32l0xx_hal_cortex.c.obj
                0x080034f8                HAL_SYSTICK_CLKSourceConfig
 .text.HAL_DMA_Abort
                0x08003518       0x48 CMakeFiles/CCY-MDisplay-Stick.elf.dir/Drivers/STM32L0xx_HAL_Driver/Src/stm32l0xx_hal_dma.c.obj
                0x08003518                HAL_DMA_Abort
 .text.HAL_DMA_Abort_IT
                0x08003560       0x4e CMakeFiles/CCY-MDisplay-Stick.elf.dir/Drivers/STM32L0xx_HAL_Driver/Src/stm32l0xx_hal_dma.c.obj
                0x08003560                HAL_DMA_Abort_IT
 *fill*         0x080035ae        0x2 
 .text.HAL_GPIO_Init
                0x080035b0      0x19c CMakeFiles/CCY-MDisplay-Stick.elf.dir/Drivers/STM32L0xx_HAL_Driver/Src/stm32l0xx_hal_gpio.c.obj
                0x080035b0                HAL_GPIO_Init
 .text.HAL_GPIO_ReadPin
                0x0800374c        0xe CMakeFiles/CCY-MDisplay-Stick.elf.dir/Drivers/STM32L0xx_HAL_Driver/Src/stm32l0xx_hal_gpio.c.obj
                0x0800374c                HAL_GPIO_ReadPin
 .text.HAL_GPIO_WritePin
                0x0800375a        0xc CMakeFiles/CCY-MDisplay-Stick.elf.dir/Drivers/STM32L0xx_HAL_Driver/Src/stm32l0xx_hal_gpio.c.obj
                0x0800375a                HAL_GPIO_WritePin
 .text.HAL_GPIO_TogglePin
                0x08003766       0x10 CMakeFiles/CCY-MDisplay-Stick.elf.dir/Drivers/STM32L0xx_HAL_Driver/Src/stm32l0xx_hal_gpio.c.obj
                0x08003766                HAL_GPIO_TogglePin
 *fill*         0x08003776        0x2 
 .text.HAL_GPIO_EXTI_IRQHandler
                0x08003778       0x1c CMakeFiles/CCY-MDisplay-Stick.elf.dir/Drivers/STM32L0xx_HAL_Driver/Src/stm32l0xx_hal_gpio.c.obj
                0x08003778                HAL_GPIO_EXTI_IRQHandler
 .text.HAL_RCC_GetSysClockFreq
                0x08003794       0xb0 CMakeFiles/CCY-MDisplay-Stick.elf.dir/Drivers/STM32L0xx_HAL_Driver/Src/stm32l0xx_hal_rcc.c.obj
                0x08003794                HAL_RCC_GetSysClockFreq
 .text.HAL_RCC_OscConfig
                0x08003844      0x51c CMakeFiles/CCY-MDisplay-Stick.elf.dir/Drivers/STM32L0xx_HAL_Driver/Src/stm32l0xx_hal_rcc.c.obj
                0x08003844                HAL_RCC_OscConfig
 .text.HAL_RCC_ClockConfig
                0x08003d60      0x1d8 CMakeFiles/CCY-MDisplay-Stick.elf.dir/Drivers/STM32L0xx_HAL_Driver/Src/stm32l0xx_hal_rcc.c.obj
                0x08003d60                HAL_RCC_ClockConfig
 .text.HAL_RCC_GetHCLKFreq
                0x08003f38        0xc CMakeFiles/CCY-MDisplay-Stick.elf.dir/Drivers/STM32L0xx_HAL_Driver/Src/stm32l0xx_hal_rcc.c.obj
                0x08003f38                HAL_RCC_GetHCLKFreq
 .text.HAL_RCC_GetPCLK1Freq
                0x08003f44       0x20 CMakeFiles/CCY-MDisplay-Stick.elf.dir/Drivers/STM32L0xx_HAL_Driver/Src/stm32l0xx_hal_rcc.c.obj
                0x08003f44                HAL_RCC_GetPCLK1Freq
 .text.HAL_RCC_GetPCLK2Freq
                0x08003f64       0x20 CMakeFiles/CCY-MDisplay-Stick.elf.dir/Drivers/STM32L0xx_HAL_Driver/Src/stm32l0xx_hal_rcc.c.obj
                0x08003f64                HAL_RCC_GetPCLK2Freq
 .text.HAL_RCCEx_PeriphCLKConfig
                0x08003f84      0x1dc CMakeFiles/CCY-MDisplay-Stick.elf.dir/Drivers/STM32L0xx_HAL_Driver/Src/stm32l0xx_hal_rcc_ex.c.obj
                0x08003f84                HAL_RCCEx_PeriphCLKConfig
 .text.HAL_RTC_WaitForSynchro
                0x08004160       0x34 CMakeFiles/CCY-MDisplay-Stick.elf.dir/Drivers/STM32L0xx_HAL_Driver/Src/stm32l0xx_hal_rtc.c.obj
                0x08004160                HAL_RTC_WaitForSynchro
 .text.RTC_EnterInitMode
                0x08004194       0x46 CMakeFiles/CCY-MDisplay-Stick.elf.dir/Drivers/STM32L0xx_HAL_Driver/Src/stm32l0xx_hal_rtc.c.obj
                0x08004194                RTC_EnterInitMode
 .text.RTC_ExitInitMode
                0x080041da       0x2c CMakeFiles/CCY-MDisplay-Stick.elf.dir/Drivers/STM32L0xx_HAL_Driver/Src/stm32l0xx_hal_rtc.c.obj
                0x080041da                RTC_ExitInitMode
 *fill*         0x08004206        0x2 
 .text.HAL_RTC_Init
                0x08004208       0xac CMakeFiles/CCY-MDisplay-Stick.elf.dir/Drivers/STM32L0xx_HAL_Driver/Src/stm32l0xx_hal_rtc.c.obj
                0x08004208                HAL_RTC_Init
 .text.RTC_ByteToBcd2
                0x080042b4       0x16 CMakeFiles/CCY-MDisplay-Stick.elf.dir/Drivers/STM32L0xx_HAL_Driver/Src/stm32l0xx_hal_rtc.c.obj
                0x080042b4                RTC_ByteToBcd2
 *fill*         0x080042ca        0x2 
 .text.HAL_RTC_SetTime
                0x080042cc       0xd0 CMakeFiles/CCY-MDisplay-Stick.elf.dir/Drivers/STM32L0xx_HAL_Driver/Src/stm32l0xx_hal_rtc.c.obj
                0x080042cc                HAL_RTC_SetTime
 .text.HAL_RTC_SetDate
                0x0800439c       0xac CMakeFiles/CCY-MDisplay-Stick.elf.dir/Drivers/STM32L0xx_HAL_Driver/Src/stm32l0xx_hal_rtc.c.obj
                0x0800439c                HAL_RTC_SetDate
 .text.SPI_WaitFlagStateUntilTimeout
                0x08004448       0xe8 CMakeFiles/CCY-MDisplay-Stick.elf.dir/Drivers/STM32L0xx_HAL_Driver/Src/stm32l0xx_hal_spi.c.obj
 .text.SPI_EndRxTxTransaction
                0x08004530       0x70 CMakeFiles/CCY-MDisplay-Stick.elf.dir/Drivers/STM32L0xx_HAL_Driver/Src/stm32l0xx_hal_spi.c.obj
 .text.HAL_SPI_Init
                0x080045a0       0xcc CMakeFiles/CCY-MDisplay-Stick.elf.dir/Drivers/STM32L0xx_HAL_Driver/Src/stm32l0xx_hal_spi.c.obj
                0x080045a0                HAL_SPI_Init
 .text.HAL_SPI_Transmit
                0x0800466c      0x1b2 CMakeFiles/CCY-MDisplay-Stick.elf.dir/Drivers/STM32L0xx_HAL_Driver/Src/stm32l0xx_hal_spi.c.obj
                0x0800466c                HAL_SPI_Transmit
 *fill*         0x0800481e        0x2 
 .text.TIM_Base_SetConfig
                0x08004820       0x70 CMakeFiles/CCY-MDisplay-Stick.elf.dir/Drivers/STM32L0xx_HAL_Driver/Src/stm32l0xx_hal_tim.c.obj
 .text.HAL_TIM_Base_Init
                0x08004890       0x48 CMakeFiles/CCY-MDisplay-Stick.elf.dir/Drivers/STM32L0xx_HAL_Driver/Src/stm32l0xx_hal_tim.c.obj
                0x08004890                HAL_TIM_Base_Init
 .text.HAL_TIMEx_MasterConfigSynchronization
                0x080048d8       0x6c CMakeFiles/CCY-MDisplay-Stick.elf.dir/Drivers/STM32L0xx_HAL_Driver/Src/stm32l0xx_hal_tim_ex.c.obj
                0x080048d8                HAL_TIMEx_MasterConfigSynchronization
 .text.UART_EndRxTransfer
                0x08004944       0x60 CMakeFiles/CCY-MDisplay-Stick.elf.dir/Drivers/STM32L0xx_HAL_Driver/Src/stm32l0xx_hal_uart.c.obj
 .text.HAL_UART_TxCpltCallback
                0x080049a4        0x2 CMakeFiles/CCY-MDisplay-Stick.elf.dir/Drivers/STM32L0xx_HAL_Driver/Src/stm32l0xx_hal_uart.c.obj
                0x080049a4                HAL_UART_TxCpltCallback
 .text.UART_EndTransmit_IT
                0x080049a6       0x28 CMakeFiles/CCY-MDisplay-Stick.elf.dir/Drivers/STM32L0xx_HAL_Driver/Src/stm32l0xx_hal_uart.c.obj
 .text.HAL_UART_ErrorCallback
                0x080049ce        0x2 CMakeFiles/CCY-MDisplay-Stick.elf.dir/Drivers/STM32L0xx_HAL_Driver/Src/stm32l0xx_hal_uart.c.obj
                0x080049ce                HAL_UART_ErrorCallback
 .text.UART_DMAAbortOnError
                0x080049d0       0x14 CMakeFiles/CCY-MDisplay-Stick.elf.dir/Drivers/STM32L0xx_HAL_Driver/Src/stm32l0xx_hal_uart.c.obj
 .text.HAL_UARTEx_RxEventCallback
                0x080049e4        0x2 CMakeFiles/CCY-MDisplay-Stick.elf.dir/Drivers/STM32L0xx_HAL_Driver/Src/stm32l0xx_hal_uart.c.obj
                0x080049e4                HAL_UARTEx_RxEventCallback
 *fill*         0x080049e6        0x2 
 .text.HAL_UART_IRQHandler
                0x080049e8      0x2dc CMakeFiles/CCY-MDisplay-Stick.elf.dir/Drivers/STM32L0xx_HAL_Driver/Src/stm32l0xx_hal_uart.c.obj
                0x080049e8                HAL_UART_IRQHandler
 .text.UART_SetConfig
                0x08004cc4      0x2bc CMakeFiles/CCY-MDisplay-Stick.elf.dir/Drivers/STM32L0xx_HAL_Driver/Src/stm32l0xx_hal_uart.c.obj
                0x08004cc4                UART_SetConfig
 .text.UART_AdvFeatureConfig
                0x08004f80       0xe0 CMakeFiles/CCY-MDisplay-Stick.elf.dir/Drivers/STM32L0xx_HAL_Driver/Src/stm32l0xx_hal_uart.c.obj
                0x08004f80                UART_AdvFeatureConfig
 .text.UART_WaitOnFlagUntilTimeout
                0x08005060       0x96 CMakeFiles/CCY-MDisplay-Stick.elf.dir/Drivers/STM32L0xx_HAL_Driver/Src/stm32l0xx_hal_uart.c.obj
                0x08005060                UART_WaitOnFlagUntilTimeout
 .text.HAL_UART_Transmit
                0x080050f6       0xf2 CMakeFiles/CCY-MDisplay-Stick.elf.dir/Drivers/STM32L0xx_HAL_Driver/Src/stm32l0xx_hal_uart.c.obj
                0x080050f6                HAL_UART_Transmit
 .text.UART_CheckIdleState
                0x080051e8       0xd0 CMakeFiles/CCY-MDisplay-Stick.elf.dir/Drivers/STM32L0xx_HAL_Driver/Src/stm32l0xx_hal_uart.c.obj
                0x080051e8                UART_CheckIdleState
 .text.HAL_UART_Init
                0x080052b8       0x6c CMakeFiles/CCY-MDisplay-Stick.elf.dir/Drivers/STM32L0xx_HAL_Driver/Src/stm32l0xx_hal_uart.c.obj
                0x080052b8                HAL_UART_Init
 .text.HAL_UARTEx_WakeupCallback
                0x08005324        0x2 CMakeFiles/CCY-MDisplay-Stick.elf.dir/Drivers/STM32L0xx_HAL_Driver/Src/stm32l0xx_hal_uart_ex.c.obj
                0x08005324                HAL_UARTEx_WakeupCallback
 *fill*         0x08005326        0x2 
 .text.DEV_SPI_WriteByte
                0x08005328       0x20 CMakeFiles/CCY-MDisplay-Stick.elf.dir/epd/config/DEV_Config.c.obj
                0x08005328                DEV_SPI_WriteByte
 .text.DEV_Module_Init
                0x08005348       0x2c CMakeFiles/CCY-MDisplay-Stick.elf.dir/epd/config/DEV_Config.c.obj
                0x08005348                DEV_Module_Init
 .text.DEV_Module_Exit
                0x08005374       0x28 CMakeFiles/CCY-MDisplay-Stick.elf.dir/epd/config/DEV_Config.c.obj
                0x08005374                DEV_Module_Exit
 .text.EPD_2IN13BC_Reset
                0x0800539c       0x3c CMakeFiles/CCY-MDisplay-Stick.elf.dir/epd/epd213/EPD_2in13bc.c.obj
 .text.EPD_2IN13BC_SendCommand
                0x080053d8       0x30 CMakeFiles/CCY-MDisplay-Stick.elf.dir/epd/epd213/EPD_2in13bc.c.obj
 .text.EPD_2IN13BC_SendData
                0x08005408       0x30 CMakeFiles/CCY-MDisplay-Stick.elf.dir/epd/epd213/EPD_2in13bc.c.obj
 .text.EPD_2IN13BC_ReadBusy
                0x08005438       0x34 CMakeFiles/CCY-MDisplay-Stick.elf.dir/epd/epd213/EPD_2in13bc.c.obj
                0x08005438                EPD_2IN13BC_ReadBusy
 .text.EPD_2IN13BC_TurnOnDisplay
                0x0800546c       0x14 CMakeFiles/CCY-MDisplay-Stick.elf.dir/epd/epd213/EPD_2in13bc.c.obj
 .text.EPD_2IN13BC_Init
                0x08005480       0x5a CMakeFiles/CCY-MDisplay-Stick.elf.dir/epd/epd213/EPD_2in13bc.c.obj
                0x08005480                EPD_2IN13BC_Init
 .text.EPD_2IN13BC_Clear
                0x080054da       0x5c CMakeFiles/CCY-MDisplay-Stick.elf.dir/epd/epd213/EPD_2in13bc.c.obj
                0x080054da                EPD_2IN13BC_Clear
 .text.EPD_2IN13BC_Display
                0x08005536       0x78 CMakeFiles/CCY-MDisplay-Stick.elf.dir/epd/epd213/EPD_2in13bc.c.obj
                0x08005536                EPD_2IN13BC_Display
 .text.EPD_2IN13BC_Sleep
                0x080055ae       0x1a CMakeFiles/CCY-MDisplay-Stick.elf.dir/epd/epd213/EPD_2in13bc.c.obj
                0x080055ae                EPD_2IN13BC_Sleep
 .text.EPD_test
                0x080055c8      0x158 CMakeFiles/CCY-MDisplay-Stick.elf.dir/epd/examples/EPD_2in13bc_test.c.obj
                0x080055c8                EPD_test
 .text.Paint_NewImage
                0x08005720       0x4c CMakeFiles/CCY-MDisplay-Stick.elf.dir/epd/gui/GUI_Paint.c.obj
                0x08005720                Paint_NewImage
 .text.Paint_SelectImage
                0x0800576c        0xc CMakeFiles/CCY-MDisplay-Stick.elf.dir/epd/gui/GUI_Paint.c.obj
                0x0800576c                Paint_SelectImage
 .text.Paint_SetPixel
                0x08005778      0x168 CMakeFiles/CCY-MDisplay-Stick.elf.dir/epd/gui/GUI_Paint.c.obj
                0x08005778                Paint_SetPixel
 .text.Paint_Clear
                0x080058e0       0xac CMakeFiles/CCY-MDisplay-Stick.elf.dir/epd/gui/GUI_Paint.c.obj
                0x080058e0                Paint_Clear
 .text.Paint_DrawPoint
                0x0800598c       0xf0 CMakeFiles/CCY-MDisplay-Stick.elf.dir/epd/gui/GUI_Paint.c.obj
                0x0800598c                Paint_DrawPoint
 .text.Paint_DrawLine
                0x08005a7c      0x11c CMakeFiles/CCY-MDisplay-Stick.elf.dir/epd/gui/GUI_Paint.c.obj
                0x08005a7c                Paint_DrawLine
 .text.Paint_DrawRectangle
                0x08005b98       0xdc CMakeFiles/CCY-MDisplay-Stick.elf.dir/epd/gui/GUI_Paint.c.obj
                0x08005b98                Paint_DrawRectangle
 .text.Paint_DrawCircle
                0x08005c74      0x27c CMakeFiles/CCY-MDisplay-Stick.elf.dir/epd/gui/GUI_Paint.c.obj
                0x08005c74                Paint_DrawCircle
 .text.Paint_DrawString_CN
                0x08005ef0      0x1da CMakeFiles/CCY-MDisplay-Stick.elf.dir/epd/gui/GUI_Paint.c.obj
                0x08005ef0                Paint_DrawString_CN
 *fill*         0x080060ca        0x2 
 .text.__errno  0x080060cc        0xc d:/progra~2/stmicr~1/gcc-ar~1/bin/../lib/gcc/arm-none-eabi/10.3.1/../../../../arm-none-eabi/lib/thumb/v6-m/nofp\libg.a(lib_a-errno.o)
                0x080060cc                __errno
 .text.__libc_init_array
                0x080060d8       0x44 d:/progra~2/stmicr~1/gcc-ar~1/bin/../lib/gcc/arm-none-eabi/10.3.1/../../../../arm-none-eabi/lib/thumb/v6-m/nofp\libg.a(lib_a-init.o)
                0x080060d8                __libc_init_array
 .text.malloc   0x0800611c       0x14 d:/progra~2/stmicr~1/gcc-ar~1/bin/../lib/gcc/arm-none-eabi/10.3.1/../../../../arm-none-eabi/lib/thumb/v6-m/nofp\libg.a(lib_a-malloc.o)
                0x0800611c                malloc
 .text.free     0x08006130       0x14 d:/progra~2/stmicr~1/gcc-ar~1/bin/../lib/gcc/arm-none-eabi/10.3.1/../../../../arm-none-eabi/lib/thumb/v6-m/nofp\libg.a(lib_a-malloc.o)
                0x08006130                free
 .text._malloc_r
                0x08006144      0x584 d:/progra~2/stmicr~1/gcc-ar~1/bin/../lib/gcc/arm-none-eabi/10.3.1/../../../../arm-none-eabi/lib/thumb/v6-m/nofp\libg.a(lib_a-mallocr.o)
                0x08006144                _malloc_r
 .text.memcpy   0x080066c8       0xa4 d:/progra~2/stmicr~1/gcc-ar~1/bin/../lib/gcc/arm-none-eabi/10.3.1/../../../../arm-none-eabi/lib/thumb/v6-m/nofp\libg.a(lib_a-memcpy-stub.o)
                0x080066c8                memcpy
 .text.memset   0x0800676c       0xa8 d:/progra~2/stmicr~1/gcc-ar~1/bin/../lib/gcc/arm-none-eabi/10.3.1/../../../../arm-none-eabi/lib/thumb/v6-m/nofp\libg.a(lib_a-memset.o)
                0x0800676c                memset
 .text.__malloc_lock
                0x08006814       0x10 d:/progra~2/stmicr~1/gcc-ar~1/bin/../lib/gcc/arm-none-eabi/10.3.1/../../../../arm-none-eabi/lib/thumb/v6-m/nofp\libg.a(lib_a-mlock.o)
                0x08006814                __malloc_lock
 .text.__malloc_unlock
                0x08006824       0x10 d:/progra~2/stmicr~1/gcc-ar~1/bin/../lib/gcc/arm-none-eabi/10.3.1/../../../../arm-none-eabi/lib/thumb/v6-m/nofp\libg.a(lib_a-mlock.o)
                0x08006824                __malloc_unlock
 .text.printf   0x08006834       0x24 d:/progra~2/stmicr~1/gcc-ar~1/bin/../lib/gcc/arm-none-eabi/10.3.1/../../../../arm-none-eabi/lib/thumb/v6-m/nofp\libg.a(lib_a-printf.o)
                0x08006834                printf
 .text._puts_r  0x08006858       0xa0 d:/progra~2/stmicr~1/gcc-ar~1/bin/../lib/gcc/arm-none-eabi/10.3.1/../../../../arm-none-eabi/lib/thumb/v6-m/nofp\libg.a(lib_a-puts.o)
                0x08006858                _puts_r
 .text.puts     0x080068f8       0x14 d:/progra~2/stmicr~1/gcc-ar~1/bin/../lib/gcc/arm-none-eabi/10.3.1/../../../../arm-none-eabi/lib/thumb/v6-m/nofp\libg.a(lib_a-puts.o)
                0x080068f8                puts
 .text._sbrk_r  0x0800690c       0x24 d:/progra~2/stmicr~1/gcc-ar~1/bin/../lib/gcc/arm-none-eabi/10.3.1/../../../../arm-none-eabi/lib/thumb/v6-m/nofp\libg.a(lib_a-sbrkr.o)
                0x0800690c                _sbrk_r
 .text.strlen   0x08006930       0x5c d:/progra~2/stmicr~1/gcc-ar~1/bin/../lib/gcc/arm-none-eabi/10.3.1/../../../../arm-none-eabi/lib/thumb/v6-m/nofp\libg.a(lib_a-strlen-stub.o)
                0x08006930                strlen
 .text._vfprintf_r
                0x0800698c     0x1c44 d:/progra~2/stmicr~1/gcc-ar~1/bin/../lib/gcc/arm-none-eabi/10.3.1/../../../../arm-none-eabi/lib/thumb/v6-m/nofp\libg.a(lib_a-vfprintf.o)
                0x0800698c                _vfprintf_r
 .text.__sbprintf
                0x080085d0       0x8c d:/progra~2/stmicr~1/gcc-ar~1/bin/../lib/gcc/arm-none-eabi/10.3.1/../../../../arm-none-eabi/lib/thumb/v6-m/nofp\libg.a(lib_a-vfprintf.o)
 .text.__swsetup_r
                0x0800865c       0xdc d:/progra~2/stmicr~1/gcc-ar~1/bin/../lib/gcc/arm-none-eabi/10.3.1/../../../../arm-none-eabi/lib/thumb/v6-m/nofp\libg.a(lib_a-wsetup.o)
                0x0800865c                __swsetup_r
 .text.startup.register_fini
                0x08008738       0x18 d:/progra~2/stmicr~1/gcc-ar~1/bin/../lib/gcc/arm-none-eabi/10.3.1/../../../../arm-none-eabi/lib/thumb/v6-m/nofp\libg.a(lib_a-__call_atexit.o)
 .text.atexit   0x08008750       0x10 d:/progra~2/stmicr~1/gcc-ar~1/bin/../lib/gcc/arm-none-eabi/10.3.1/../../../../arm-none-eabi/lib/thumb/v6-m/nofp\libg.a(lib_a-atexit.o)
                0x08008750                atexit
 .text.quorem   0x08008760      0x148 d:/progra~2/stmicr~1/gcc-ar~1/bin/../lib/gcc/arm-none-eabi/10.3.1/../../../../arm-none-eabi/lib/thumb/v6-m/nofp\libg.a(lib_a-dtoa.o)
 .text._dtoa_r  0x080088a8      0xfbc d:/progra~2/stmicr~1/gcc-ar~1/bin/../lib/gcc/arm-none-eabi/10.3.1/../../../../arm-none-eabi/lib/thumb/v6-m/nofp\libg.a(lib_a-dtoa.o)
                0x080088a8                _dtoa_r
 .text.__sflush_r
                0x08009864      0x140 d:/progra~2/stmicr~1/gcc-ar~1/bin/../lib/gcc/arm-none-eabi/10.3.1/../../../../arm-none-eabi/lib/thumb/v6-m/nofp\libg.a(lib_a-fflush.o)
                0x08009864                __sflush_r
 .text._fflush_r
                0x080099a4       0x6c d:/progra~2/stmicr~1/gcc-ar~1/bin/../lib/gcc/arm-none-eabi/10.3.1/../../../../arm-none-eabi/lib/thumb/v6-m/nofp\libg.a(lib_a-fflush.o)
                0x080099a4                _fflush_r
 .text._cleanup_r
                0x08009a10       0x10 d:/progra~2/stmicr~1/gcc-ar~1/bin/../lib/gcc/arm-none-eabi/10.3.1/../../../../arm-none-eabi/lib/thumb/v6-m/nofp\libg.a(lib_a-findfp.o)
                0x08009a10                _cleanup_r
 .text.__sinit  0x08009a20      0x120 d:/progra~2/stmicr~1/gcc-ar~1/bin/../lib/gcc/arm-none-eabi/10.3.1/../../../../arm-none-eabi/lib/thumb/v6-m/nofp\libg.a(lib_a-findfp.o)
                0x08009a20                __sinit
 .text.__sfp_lock_acquire
                0x08009b40       0x10 d:/progra~2/stmicr~1/gcc-ar~1/bin/../lib/gcc/arm-none-eabi/10.3.1/../../../../arm-none-eabi/lib/thumb/v6-m/nofp\libg.a(lib_a-findfp.o)
                0x08009b40                __sfp_lock_acquire
 .text.__sfp_lock_release
                0x08009b50       0x10 d:/progra~2/stmicr~1/gcc-ar~1/bin/../lib/gcc/arm-none-eabi/10.3.1/../../../../arm-none-eabi/lib/thumb/v6-m/nofp\libg.a(lib_a-findfp.o)
                0x08009b50                __sfp_lock_release
 .text.__libc_fini_array
                0x08009b60       0x28 d:/progra~2/stmicr~1/gcc-ar~1/bin/../lib/gcc/arm-none-eabi/10.3.1/../../../../arm-none-eabi/lib/thumb/v6-m/nofp\libg.a(lib_a-fini.o)
                0x08009b60                __libc_fini_array
 .text._malloc_trim_r
                0x08009b88       0x9c d:/progra~2/stmicr~1/gcc-ar~1/bin/../lib/gcc/arm-none-eabi/10.3.1/../../../../arm-none-eabi/lib/thumb/v6-m/nofp\libg.a(lib_a-freer.o)
                0x08009b88                _malloc_trim_r
 .text._free_r  0x08009c24      0x1c4 d:/progra~2/stmicr~1/gcc-ar~1/bin/../lib/gcc/arm-none-eabi/10.3.1/../../../../arm-none-eabi/lib/thumb/v6-m/nofp\libg.a(lib_a-freer.o)
                0x08009c24                _free_r
 .text.__sfvwrite_r
                0x08009de8      0x2f4 d:/progra~2/stmicr~1/gcc-ar~1/bin/../lib/gcc/arm-none-eabi/10.3.1/../../../../arm-none-eabi/lib/thumb/v6-m/nofp\libg.a(lib_a-fvwrite.o)
                0x08009de8                __sfvwrite_r
 .text._fwalk_reent
                0x0800a0dc       0x48 d:/progra~2/stmicr~1/gcc-ar~1/bin/../lib/gcc/arm-none-eabi/10.3.1/../../../../arm-none-eabi/lib/thumb/v6-m/nofp\libg.a(lib_a-fwalk.o)
                0x0800a0dc                _fwalk_reent
 .text._localeconv_r
                0x0800a124        0x8 d:/progra~2/stmicr~1/gcc-ar~1/bin/../lib/gcc/arm-none-eabi/10.3.1/../../../../arm-none-eabi/lib/thumb/v6-m/nofp\libg.a(lib_a-localeconv.o)
                0x0800a124                _localeconv_r
 .text.__retarget_lock_init_recursive
                0x0800a12c        0x4 d:/progra~2/stmicr~1/gcc-ar~1/bin/../lib/gcc/arm-none-eabi/10.3.1/../../../../arm-none-eabi/lib/thumb/v6-m/nofp\libg.a(lib_a-lock.o)
                0x0800a12c                __retarget_lock_init_recursive
 .text.__retarget_lock_close_recursive
                0x0800a130        0x4 d:/progra~2/stmicr~1/gcc-ar~1/bin/../lib/gcc/arm-none-eabi/10.3.1/../../../../arm-none-eabi/lib/thumb/v6-m/nofp\libg.a(lib_a-lock.o)
                0x0800a130                __retarget_lock_close_recursive
 .text.__retarget_lock_acquire_recursive
                0x0800a134        0x4 d:/progra~2/stmicr~1/gcc-ar~1/bin/../lib/gcc/arm-none-eabi/10.3.1/../../../../arm-none-eabi/lib/thumb/v6-m/nofp\libg.a(lib_a-lock.o)
                0x0800a134                __retarget_lock_acquire_recursive
 .text.__retarget_lock_release_recursive
                0x0800a138        0x4 d:/progra~2/stmicr~1/gcc-ar~1/bin/../lib/gcc/arm-none-eabi/10.3.1/../../../../arm-none-eabi/lib/thumb/v6-m/nofp\libg.a(lib_a-lock.o)
                0x0800a138                __retarget_lock_release_recursive
 .text.__smakebuf_r
                0x0800a13c       0xe4 d:/progra~2/stmicr~1/gcc-ar~1/bin/../lib/gcc/arm-none-eabi/10.3.1/../../../../arm-none-eabi/lib/thumb/v6-m/nofp\libg.a(lib_a-makebuf.o)
                0x0800a13c                __smakebuf_r
 .text.memchr   0x0800a220       0x74 d:/progra~2/stmicr~1/gcc-ar~1/bin/../lib/gcc/arm-none-eabi/10.3.1/../../../../arm-none-eabi/lib/thumb/v6-m/nofp\libg.a(lib_a-memchr-stub.o)
                0x0800a220                memchr
 .text.memmove  0x0800a294       0xac d:/progra~2/stmicr~1/gcc-ar~1/bin/../lib/gcc/arm-none-eabi/10.3.1/../../../../arm-none-eabi/lib/thumb/v6-m/nofp\libg.a(lib_a-memmove.o)
                0x0800a294                memmove
 .text._Balloc  0x0800a340       0x50 d:/progra~2/stmicr~1/gcc-ar~1/bin/../lib/gcc/arm-none-eabi/10.3.1/../../../../arm-none-eabi/lib/thumb/v6-m/nofp\libg.a(lib_a-mprec.o)
                0x0800a340                _Balloc
 .text._Bfree   0x0800a390       0x14 d:/progra~2/stmicr~1/gcc-ar~1/bin/../lib/gcc/arm-none-eabi/10.3.1/../../../../arm-none-eabi/lib/thumb/v6-m/nofp\libg.a(lib_a-mprec.o)
                0x0800a390                _Bfree
 .text.__multadd
                0x0800a3a4       0xa8 d:/progra~2/stmicr~1/gcc-ar~1/bin/../lib/gcc/arm-none-eabi/10.3.1/../../../../arm-none-eabi/lib/thumb/v6-m/nofp\libg.a(lib_a-mprec.o)
                0x0800a3a4                __multadd
 .text.__hi0bits
                0x0800a44c       0x38 d:/progra~2/stmicr~1/gcc-ar~1/bin/../lib/gcc/arm-none-eabi/10.3.1/../../../../arm-none-eabi/lib/thumb/v6-m/nofp\libg.a(lib_a-mprec.o)
                0x0800a44c                __hi0bits
 .text.__lo0bits
                0x0800a484       0x5c d:/progra~2/stmicr~1/gcc-ar~1/bin/../lib/gcc/arm-none-eabi/10.3.1/../../../../arm-none-eabi/lib/thumb/v6-m/nofp\libg.a(lib_a-mprec.o)
                0x0800a484                __lo0bits
 .text.__i2b    0x0800a4e0       0x60 d:/progra~2/stmicr~1/gcc-ar~1/bin/../lib/gcc/arm-none-eabi/10.3.1/../../../../arm-none-eabi/lib/thumb/v6-m/nofp\libg.a(lib_a-mprec.o)
                0x0800a4e0                __i2b
 .text.__multiply
                0x0800a540      0x1a4 d:/progra~2/stmicr~1/gcc-ar~1/bin/../lib/gcc/arm-none-eabi/10.3.1/../../../../arm-none-eabi/lib/thumb/v6-m/nofp\libg.a(lib_a-mprec.o)
                0x0800a540                __multiply
 .text.__pow5mult
                0x0800a6e4       0xd8 d:/progra~2/stmicr~1/gcc-ar~1/bin/../lib/gcc/arm-none-eabi/10.3.1/../../../../arm-none-eabi/lib/thumb/v6-m/nofp\libg.a(lib_a-mprec.o)
                0x0800a6e4                __pow5mult
 .text.__lshift
                0x0800a7bc       0xfc d:/progra~2/stmicr~1/gcc-ar~1/bin/../lib/gcc/arm-none-eabi/10.3.1/../../../../arm-none-eabi/lib/thumb/v6-m/nofp\libg.a(lib_a-mprec.o)
                0x0800a7bc                __lshift
 .text.__mcmp   0x0800a8b8       0x34 d:/progra~2/stmicr~1/gcc-ar~1/bin/../lib/gcc/arm-none-eabi/10.3.1/../../../../arm-none-eabi/lib/thumb/v6-m/nofp\libg.a(lib_a-mprec.o)
                0x0800a8b8                __mcmp
 .text.__mdiff  0x0800a8ec      0x18c d:/progra~2/stmicr~1/gcc-ar~1/bin/../lib/gcc/arm-none-eabi/10.3.1/../../../../arm-none-eabi/lib/thumb/v6-m/nofp\libg.a(lib_a-mprec.o)
                0x0800a8ec                __mdiff
 .text.__d2b    0x0800aa78       0xd8 d:/progra~2/stmicr~1/gcc-ar~1/bin/../lib/gcc/arm-none-eabi/10.3.1/../../../../arm-none-eabi/lib/thumb/v6-m/nofp\libg.a(lib_a-mprec.o)
                0x0800aa78                __d2b
 .text._realloc_r
                0x0800ab50      0x354 d:/progra~2/stmicr~1/gcc-ar~1/bin/../lib/gcc/arm-none-eabi/10.3.1/../../../../arm-none-eabi/lib/thumb/v6-m/nofp\libg.a(lib_a-reallocr.o)
                0x0800ab50                _realloc_r
 .text.frexp    0x0800aea4       0x64 d:/progra~2/stmicr~1/gcc-ar~1/bin/../lib/gcc/arm-none-eabi/10.3.1/../../../../arm-none-eabi/lib/thumb/v6-m/nofp\libg.a(lib_a-s_frexp.o)
                0x0800aea4                frexp
 .text.__sread  0x0800af08       0x28 d:/progra~2/stmicr~1/gcc-ar~1/bin/../lib/gcc/arm-none-eabi/10.3.1/../../../../arm-none-eabi/lib/thumb/v6-m/nofp\libg.a(lib_a-stdio.o)
                0x0800af08                __sread
 .text.__swrite
                0x0800af30       0x40 d:/progra~2/stmicr~1/gcc-ar~1/bin/../lib/gcc/arm-none-eabi/10.3.1/../../../../arm-none-eabi/lib/thumb/v6-m/nofp\libg.a(lib_a-stdio.o)
                0x0800af30                __swrite
 .text.__sseek  0x0800af70       0x2c d:/progra~2/stmicr~1/gcc-ar~1/bin/../lib/gcc/arm-none-eabi/10.3.1/../../../../arm-none-eabi/lib/thumb/v6-m/nofp\libg.a(lib_a-stdio.o)
                0x0800af70                __sseek
 .text.__sclose
                0x0800af9c        0xc d:/progra~2/stmicr~1/gcc-ar~1/bin/../lib/gcc/arm-none-eabi/10.3.1/../../../../arm-none-eabi/lib/thumb/v6-m/nofp\libg.a(lib_a-stdio.o)
                0x0800af9c                __sclose
 .text.strncpy  0x0800afa8       0x6c d:/progra~2/stmicr~1/gcc-ar~1/bin/../lib/gcc/arm-none-eabi/10.3.1/../../../../arm-none-eabi/lib/thumb/v6-m/nofp\libg.a(lib_a-strncpy.o)
                0x0800afa8                strncpy
 .text.__sprint_r.part.0
                0x0800b014       0x88 d:/progra~2/stmicr~1/gcc-ar~1/bin/../lib/gcc/arm-none-eabi/10.3.1/../../../../arm-none-eabi/lib/thumb/v6-m/nofp\libg.a(lib_a-vfiprintf.o)
 .text.__sprint_r
                0x0800b09c       0x14 d:/progra~2/stmicr~1/gcc-ar~1/bin/../lib/gcc/arm-none-eabi/10.3.1/../../../../arm-none-eabi/lib/thumb/v6-m/nofp\libg.a(lib_a-vfiprintf.o)
                0x0800b09c                __sprint_r
 .text._vfiprintf_r
                0x0800b0b0      0xdb8 d:/progra~2/stmicr~1/gcc-ar~1/bin/../lib/gcc/arm-none-eabi/10.3.1/../../../../arm-none-eabi/lib/thumb/v6-m/nofp\libg.a(lib_a-vfiprintf.o)
                0x0800b0b0                _vfiprintf_r
 .text.__sbprintf
                0x0800be68       0x8c d:/progra~2/stmicr~1/gcc-ar~1/bin/../lib/gcc/arm-none-eabi/10.3.1/../../../../arm-none-eabi/lib/thumb/v6-m/nofp\libg.a(lib_a-vfiprintf.o)
 .text._write_r
                0x0800bef4       0x28 d:/progra~2/stmicr~1/gcc-ar~1/bin/../lib/gcc/arm-none-eabi/10.3.1/../../../../arm-none-eabi/lib/thumb/v6-m/nofp\libg.a(lib_a-writer.o)
                0x0800bef4                _write_r
 .text.__register_exitproc
                0x0800bf1c       0xac d:/progra~2/stmicr~1/gcc-ar~1/bin/../lib/gcc/arm-none-eabi/10.3.1/../../../../arm-none-eabi/lib/thumb/v6-m/nofp\libg.a(lib_a-__atexit.o)
                0x0800bf1c                __register_exitproc
 .text.__assert_func
                0x0800bfc8       0x40 d:/progra~2/stmicr~1/gcc-ar~1/bin/../lib/gcc/arm-none-eabi/10.3.1/../../../../arm-none-eabi/lib/thumb/v6-m/nofp\libg.a(lib_a-assert.o)
                0x0800bfc8                __assert_func
 .text._calloc_r
                0x0800c008       0x9c d:/progra~2/stmicr~1/gcc-ar~1/bin/../lib/gcc/arm-none-eabi/10.3.1/../../../../arm-none-eabi/lib/thumb/v6-m/nofp\libg.a(lib_a-callocr.o)
                0x0800c008                _calloc_r
 .text._close_r
                0x0800c0a4       0x24 d:/progra~2/stmicr~1/gcc-ar~1/bin/../lib/gcc/arm-none-eabi/10.3.1/../../../../arm-none-eabi/lib/thumb/v6-m/nofp\libg.a(lib_a-closer.o)
                0x0800c0a4                _close_r
 .text._fclose_r
                0x0800c0c8       0xdc d:/progra~2/stmicr~1/gcc-ar~1/bin/../lib/gcc/arm-none-eabi/10.3.1/../../../../arm-none-eabi/lib/thumb/v6-m/nofp\libg.a(lib_a-fclose.o)
                0x0800c0c8                _fclose_r
 .text.fiprintf
                0x0800c1a4       0x24 d:/progra~2/stmicr~1/gcc-ar~1/bin/../lib/gcc/arm-none-eabi/10.3.1/../../../../arm-none-eabi/lib/thumb/v6-m/nofp\libg.a(lib_a-fiprintf.o)
                0x0800c1a4                fiprintf
 .text.__fputwc
                0x0800c1c8       0x98 d:/progra~2/stmicr~1/gcc-ar~1/bin/../lib/gcc/arm-none-eabi/10.3.1/../../../../arm-none-eabi/lib/thumb/v6-m/nofp\libg.a(lib_a-fputwc.o)
                0x0800c1c8                __fputwc
 .text._fputwc_r
                0x0800c260       0x5c d:/progra~2/stmicr~1/gcc-ar~1/bin/../lib/gcc/arm-none-eabi/10.3.1/../../../../arm-none-eabi/lib/thumb/v6-m/nofp\libg.a(lib_a-fputwc.o)
                0x0800c260                _fputwc_r
 .text._fstat_r
                0x0800c2bc       0x28 d:/progra~2/stmicr~1/gcc-ar~1/bin/../lib/gcc/arm-none-eabi/10.3.1/../../../../arm-none-eabi/lib/thumb/v6-m/nofp\libg.a(lib_a-fstatr.o)
                0x0800c2bc                _fstat_r
 .text._isatty_r
                0x0800c2e4       0x24 d:/progra~2/stmicr~1/gcc-ar~1/bin/../lib/gcc/arm-none-eabi/10.3.1/../../../../arm-none-eabi/lib/thumb/v6-m/nofp\libg.a(lib_a-isattyr.o)
                0x0800c2e4                _isatty_r
 .text.__locale_mb_cur_max
                0x0800c308       0x10 d:/progra~2/stmicr~1/gcc-ar~1/bin/../lib/gcc/arm-none-eabi/10.3.1/../../../../arm-none-eabi/lib/thumb/v6-m/nofp\libg.a(lib_a-locale.o)
                0x0800c308                __locale_mb_cur_max
 .text._lseek_r
                0x0800c318       0x28 d:/progra~2/stmicr~1/gcc-ar~1/bin/../lib/gcc/arm-none-eabi/10.3.1/../../../../arm-none-eabi/lib/thumb/v6-m/nofp\libg.a(lib_a-lseekr.o)
                0x0800c318                _lseek_r
 .text.__ascii_mbtowc
                0x0800c340       0x2c d:/progra~2/stmicr~1/gcc-ar~1/bin/../lib/gcc/arm-none-eabi/10.3.1/../../../../arm-none-eabi/lib/thumb/v6-m/nofp\libg.a(lib_a-mbtowc_r.o)
                0x0800c340                __ascii_mbtowc
 .text._read_r  0x0800c36c       0x28 d:/progra~2/stmicr~1/gcc-ar~1/bin/../lib/gcc/arm-none-eabi/10.3.1/../../../../arm-none-eabi/lib/thumb/v6-m/nofp\libg.a(lib_a-readr.o)
                0x0800c36c                _read_r
 .text.__swbuf_r
                0x0800c394       0xc8 d:/progra~2/stmicr~1/gcc-ar~1/bin/../lib/gcc/arm-none-eabi/10.3.1/../../../../arm-none-eabi/lib/thumb/v6-m/nofp\libg.a(lib_a-wbuf.o)
                0x0800c394                __swbuf_r
 .text._wcrtomb_r
                0x0800c45c       0x40 d:/progra~2/stmicr~1/gcc-ar~1/bin/../lib/gcc/arm-none-eabi/10.3.1/../../../../arm-none-eabi/lib/thumb/v6-m/nofp\libg.a(lib_a-wcrtomb.o)
                0x0800c45c                _wcrtomb_r
 .text.__ascii_wctomb
                0x0800c49c       0x1c d:/progra~2/stmicr~1/gcc-ar~1/bin/../lib/gcc/arm-none-eabi/10.3.1/../../../../arm-none-eabi/lib/thumb/v6-m/nofp\libg.a(lib_a-wctomb_r.o)
                0x0800c49c                __ascii_wctomb
 .text.abort    0x0800c4b8       0x10 d:/progra~2/stmicr~1/gcc-ar~1/bin/../lib/gcc/arm-none-eabi/10.3.1/../../../../arm-none-eabi/lib/thumb/v6-m/nofp\libg.a(lib_a-abort.o)
                0x0800c4b8                abort
 .text.raise    0x0800c4c8       0x60 d:/progra~2/stmicr~1/gcc-ar~1/bin/../lib/gcc/arm-none-eabi/10.3.1/../../../../arm-none-eabi/lib/thumb/v6-m/nofp\libg.a(lib_a-signal.o)
                0x0800c4c8                raise
 .text._kill_r  0x0800c528       0x28 d:/progra~2/stmicr~1/gcc-ar~1/bin/../lib/gcc/arm-none-eabi/10.3.1/../../../../arm-none-eabi/lib/thumb/v6-m/nofp\libg.a(lib_a-signalr.o)
                0x0800c528                _kill_r
 .text._getpid_r
                0x0800c550        0x8 d:/progra~2/stmicr~1/gcc-ar~1/bin/../lib/gcc/arm-none-eabi/10.3.1/../../../../arm-none-eabi/lib/thumb/v6-m/nofp\libg.a(lib_a-signalr.o)
                0x0800c550                _getpid_r
 *(.glue_7)
 .glue_7        0x0800c558        0x0 linker stubs
 *(.glue_7t)
 .glue_7t       0x0800c558        0x0 linker stubs
 *(.eh_frame)
 .eh_frame      0x0800c558        0x0 d:/progra~2/stmicr~1/gcc-ar~1/bin/../lib/gcc/arm-none-eabi/10.3.1/thumb/v6-m/nofp/crtbegin.o
 *(.init)
 .init          0x0800c558        0x4 d:/progra~2/stmicr~1/gcc-ar~1/bin/../lib/gcc/arm-none-eabi/10.3.1/thumb/v6-m/nofp/crti.o
                0x0800c558                _init
 .init          0x0800c55c        0x8 d:/progra~2/stmicr~1/gcc-ar~1/bin/../lib/gcc/arm-none-eabi/10.3.1/thumb/v6-m/nofp/crtn.o
 *(.fini)
 .fini          0x0800c564        0x4 d:/progra~2/stmicr~1/gcc-ar~1/bin/../lib/gcc/arm-none-eabi/10.3.1/thumb/v6-m/nofp/crti.o
                0x0800c564                _fini
 .fini          0x0800c568        0x8 d:/progra~2/stmicr~1/gcc-ar~1/bin/../lib/gcc/arm-none-eabi/10.3.1/thumb/v6-m/nofp/crtn.o
                0x0800c570                . = ALIGN (0x4)
                0x0800c570                _etext = .

.vfp11_veneer   0x0800c570        0x0
 .vfp11_veneer  0x0800c570        0x0 linker stubs

.v4_bx          0x0800c570        0x0
 .v4_bx         0x0800c570        0x0 linker stubs

.iplt           0x0800c570        0x0
 .iplt          0x0800c570        0x0 d:/progra~2/stmicr~1/gcc-ar~1/bin/../lib/gcc/arm-none-eabi/10.3.1/thumb/v6-m/nofp/crtbegin.o

.rodata         0x0800c570     0x1044
                0x0800c570                . = ALIGN (0x4)
 *(.rodata)
 .rodata        0x0800c570       0x40 d:/progra~2/stmicr~1/gcc-ar~1/bin/../lib/gcc/arm-none-eabi/10.3.1/thumb/v6-m/nofp\libgcc.a(divdf3.o)
 .rodata        0x0800c5b0       0x40 d:/progra~2/stmicr~1/gcc-ar~1/bin/../lib/gcc/arm-none-eabi/10.3.1/thumb/v6-m/nofp\libgcc.a(muldf3.o)
 *(.rodata*)
 .rodata.updateAdc.str1.4
                0x0800c5f0       0x10 CMakeFiles/CCY-MDisplay-Stick.elf.dir/Core/Src/page_index.c.obj
 .rodata.AHBPrescTable
                0x0800c600       0x10 CMakeFiles/CCY-MDisplay-Stick.elf.dir/Core/Src/system_stm32l0xx.c.obj
                0x0800c600                AHBPrescTable
 .rodata.APBPrescTable
                0x0800c610        0x8 CMakeFiles/CCY-MDisplay-Stick.elf.dir/Core/Src/system_stm32l0xx.c.obj
                0x0800c610                APBPrescTable
 .rodata.PLLMulTable
                0x0800c618        0x9 CMakeFiles/CCY-MDisplay-Stick.elf.dir/Core/Src/system_stm32l0xx.c.obj
                0x0800c618                PLLMulTable
 *fill*         0x0800c621        0x3 
 .rodata.UART_SetConfig
                0x0800c624       0x48 CMakeFiles/CCY-MDisplay-Stick.elf.dir/Drivers/STM32L0xx_HAL_Driver/Src/stm32l0xx_hal_uart.c.obj
 .rodata.EPD_2IN13BC_ReadBusy.str1.4
                0x0800c66c       0x35 CMakeFiles/CCY-MDisplay-Stick.elf.dir/epd/epd213/EPD_2in13bc.c.obj
 *fill*         0x0800c6a1        0x3 
 .rodata.EPD_test.str1.4
                0x0800c6a4       0xf5 CMakeFiles/CCY-MDisplay-Stick.elf.dir/epd/examples/EPD_2in13bc_test.c.obj
 *fill*         0x0800c799        0x3 
 .rodata.Font12CN_Table
                0x0800c79c      0x5d6 CMakeFiles/CCY-MDisplay-Stick.elf.dir/epd/fonts/font12CN.c.obj
                0x0800c79c                Font12CN_Table
 *fill*         0x0800cd72        0x2 
 .rodata.Paint_SetPixel.str1.4
                0x0800cd74       0x25 CMakeFiles/CCY-MDisplay-Stick.elf.dir/epd/gui/GUI_Paint.c.obj
 *fill*         0x0800cd99        0x3 
 .rodata.Paint_DrawPoint.str1.4
                0x0800cd9c       0x89 CMakeFiles/CCY-MDisplay-Stick.elf.dir/epd/gui/GUI_Paint.c.obj
 *fill*         0x0800ce25        0x3 
 .rodata.Paint_DrawLine.str1.4
                0x0800ce28       0x3e CMakeFiles/CCY-MDisplay-Stick.elf.dir/epd/gui/GUI_Paint.c.obj
 *fill*         0x0800ce66        0x2 
 .rodata.Paint_DrawRectangle.str1.4
                0x0800ce68       0x2f CMakeFiles/CCY-MDisplay-Stick.elf.dir/epd/gui/GUI_Paint.c.obj
 *fill*         0x0800ce97        0x1 
 .rodata.Paint_DrawCircle.str1.4
                0x0800ce98       0x40 CMakeFiles/CCY-MDisplay-Stick.elf.dir/epd/gui/GUI_Paint.c.obj
 .rodata._global_impure_ptr
                0x0800ced8        0x4 d:/progra~2/stmicr~1/gcc-ar~1/bin/../lib/gcc/arm-none-eabi/10.3.1/../../../../arm-none-eabi/lib/thumb/v6-m/nofp\libg.a(lib_a-impure.o)
                0x0800ced8                _global_impure_ptr
 .rodata._puts_r.str1.4
                0x0800cedc        0x2 d:/progra~2/stmicr~1/gcc-ar~1/bin/../lib/gcc/arm-none-eabi/10.3.1/../../../../arm-none-eabi/lib/thumb/v6-m/nofp\libg.a(lib_a-puts.o)
 *fill*         0x0800cede        0x2 
 .rodata._vfprintf_r.str1.4
                0x0800cee0       0x42 d:/progra~2/stmicr~1/gcc-ar~1/bin/../lib/gcc/arm-none-eabi/10.3.1/../../../../arm-none-eabi/lib/thumb/v6-m/nofp\libg.a(lib_a-vfprintf.o)
 *fill*         0x0800cf22        0x2 
 .rodata._vfprintf_r
                0x0800cf24      0x16c d:/progra~2/stmicr~1/gcc-ar~1/bin/../lib/gcc/arm-none-eabi/10.3.1/../../../../arm-none-eabi/lib/thumb/v6-m/nofp\libg.a(lib_a-vfprintf.o)
 .rodata.blanks.1
                0x0800d090       0x10 d:/progra~2/stmicr~1/gcc-ar~1/bin/../lib/gcc/arm-none-eabi/10.3.1/../../../../arm-none-eabi/lib/thumb/v6-m/nofp\libg.a(lib_a-vfprintf.o)
 .rodata.zeroes.0
                0x0800d0a0       0x10 d:/progra~2/stmicr~1/gcc-ar~1/bin/../lib/gcc/arm-none-eabi/10.3.1/../../../../arm-none-eabi/lib/thumb/v6-m/nofp\libg.a(lib_a-vfprintf.o)
 .rodata._dtoa_r.str1.4
                0x0800d0b0       0xa2 d:/progra~2/stmicr~1/gcc-ar~1/bin/../lib/gcc/arm-none-eabi/10.3.1/../../../../arm-none-eabi/lib/thumb/v6-m/nofp\libg.a(lib_a-dtoa.o)
                                 0xa6 (size before relaxing)
 *fill*         0x0800d152        0x2 
 .rodata.__multadd.str1.4
                0x0800d154       0x7f d:/progra~2/stmicr~1/gcc-ar~1/bin/../lib/gcc/arm-none-eabi/10.3.1/../../../../arm-none-eabi/lib/thumb/v6-m/nofp\libg.a(lib_a-mprec.o)
                                 0x93 (size before relaxing)
 *fill*         0x0800d1d3        0x5 
 .rodata.__mprec_bigtens
                0x0800d1d8       0x28 d:/progra~2/stmicr~1/gcc-ar~1/bin/../lib/gcc/arm-none-eabi/10.3.1/../../../../arm-none-eabi/lib/thumb/v6-m/nofp\libg.a(lib_a-mprec.o)
                0x0800d1d8                __mprec_bigtens
 .rodata.__mprec_tens
                0x0800d200       0xc8 d:/progra~2/stmicr~1/gcc-ar~1/bin/../lib/gcc/arm-none-eabi/10.3.1/../../../../arm-none-eabi/lib/thumb/v6-m/nofp\libg.a(lib_a-mprec.o)
                0x0800d200                __mprec_tens
 .rodata.p05.0  0x0800d2c8        0xc d:/progra~2/stmicr~1/gcc-ar~1/bin/../lib/gcc/arm-none-eabi/10.3.1/../../../../arm-none-eabi/lib/thumb/v6-m/nofp\libg.a(lib_a-mprec.o)
 .rodata._vfiprintf_r.str1.4
                0x0800d2d4       0x2f d:/progra~2/stmicr~1/gcc-ar~1/bin/../lib/gcc/arm-none-eabi/10.3.1/../../../../arm-none-eabi/lib/thumb/v6-m/nofp\libg.a(lib_a-vfiprintf.o)
 .rodata._vfiprintf_r
                0x0800d2d4      0x16c d:/progra~2/stmicr~1/gcc-ar~1/bin/../lib/gcc/arm-none-eabi/10.3.1/../../../../arm-none-eabi/lib/thumb/v6-m/nofp\libg.a(lib_a-vfiprintf.o)
 .rodata.blanks.1
                0x0800d440       0x10 d:/progra~2/stmicr~1/gcc-ar~1/bin/../lib/gcc/arm-none-eabi/10.3.1/../../../../arm-none-eabi/lib/thumb/v6-m/nofp\libg.a(lib_a-vfiprintf.o)
 .rodata.zeroes.0
                0x0800d450       0x10 d:/progra~2/stmicr~1/gcc-ar~1/bin/../lib/gcc/arm-none-eabi/10.3.1/../../../../arm-none-eabi/lib/thumb/v6-m/nofp\libg.a(lib_a-vfiprintf.o)
 .rodata.__assert_func.str1.4
                0x0800d460       0x3f d:/progra~2/stmicr~1/gcc-ar~1/bin/../lib/gcc/arm-none-eabi/10.3.1/../../../../arm-none-eabi/lib/thumb/v6-m/nofp\libg.a(lib_a-assert.o)
                                 0x43 (size before relaxing)
 *fill*         0x0800d49f        0x1 
 .rodata._setlocale_r.str1.4
                0x0800d4a0        0xa d:/progra~2/stmicr~1/gcc-ar~1/bin/../lib/gcc/arm-none-eabi/10.3.1/../../../../arm-none-eabi/lib/thumb/v6-m/nofp\libg.a(lib_a-locale.o)
                                  0xd (size before relaxing)
 *fill*         0x0800d4aa        0x2 
 .rodata.str1.4
                0x0800d4ac        0x2 d:/progra~2/stmicr~1/gcc-ar~1/bin/../lib/gcc/arm-none-eabi/10.3.1/../../../../arm-none-eabi/lib/thumb/v6-m/nofp\libg.a(lib_a-locale.o)
 *fill*         0x0800d4ae        0x2 
 .rodata._ctype_
                0x0800d4b0      0x101 d:/progra~2/stmicr~1/gcc-ar~1/bin/../lib/gcc/arm-none-eabi/10.3.1/../../../../arm-none-eabi/lib/thumb/v6-m/nofp\libg.a(lib_a-ctype_.o)
                0x0800d4b0                _ctype_
                0x0800d5b4                . = ALIGN (0x4)
 *fill*         0x0800d5b1        0x3 

.ARM.extab      0x0800d5b4        0x0
                0x0800d5b4                . = ALIGN (0x4)
 *(.ARM.extab* .gnu.linkonce.armextab.*)
                0x0800d5b4                . = ALIGN (0x4)

.ARM            0x0800d5b4        0x8
                0x0800d5b4                . = ALIGN (0x4)
                0x0800d5b4                __exidx_start = .
 *(.ARM.exidx*)
 .ARM.exidx     0x0800d5b4        0x8 d:/progra~2/stmicr~1/gcc-ar~1/bin/../lib/gcc/arm-none-eabi/10.3.1/thumb/v6-m/nofp\libgcc.a(_udivmoddi4.o)
                0x0800d5bc                __exidx_end = .
                0x0800d5bc                . = ALIGN (0x4)

.rel.dyn        0x0800d5bc        0x0
 .rel.iplt      0x0800d5bc        0x0 d:/progra~2/stmicr~1/gcc-ar~1/bin/../lib/gcc/arm-none-eabi/10.3.1/thumb/v6-m/nofp/crtbegin.o

.preinit_array  0x0800d5bc        0x0
                0x0800d5bc                . = ALIGN (0x4)
                0x0800d5bc                PROVIDE (__preinit_array_start = .)
 *(.preinit_array*)
                0x0800d5bc                PROVIDE (__preinit_array_end = .)
                0x0800d5bc                . = ALIGN (0x4)

.init_array     0x0800d5bc        0x8
                0x0800d5bc                . = ALIGN (0x4)
                0x0800d5bc                PROVIDE (__init_array_start = .)
 *(SORT_BY_NAME(.init_array.*))
 .init_array.00000
                0x0800d5bc        0x4 d:/progra~2/stmicr~1/gcc-ar~1/bin/../lib/gcc/arm-none-eabi/10.3.1/../../../../arm-none-eabi/lib/thumb/v6-m/nofp\libg.a(lib_a-__call_atexit.o)
 *(.init_array*)
 .init_array    0x0800d5c0        0x4 d:/progra~2/stmicr~1/gcc-ar~1/bin/../lib/gcc/arm-none-eabi/10.3.1/thumb/v6-m/nofp/crtbegin.o
                0x0800d5c4                PROVIDE (__init_array_end = .)
                0x0800d5c4                . = ALIGN (0x4)

.fini_array     0x0800d5c4        0x4
                0x0800d5c4                . = ALIGN (0x4)
                0x0800d5c4                PROVIDE (__fini_array_start = .)
 *(SORT_BY_NAME(.fini_array.*))
 *(.fini_array*)
 .fini_array    0x0800d5c4        0x4 d:/progra~2/stmicr~1/gcc-ar~1/bin/../lib/gcc/arm-none-eabi/10.3.1/thumb/v6-m/nofp/crtbegin.o
                0x0800d5c8                PROVIDE (__fini_array_end = .)
                0x0800d5c8                . = ALIGN (0x4)
                0x0800d5c8                _sidata = LOADADDR (.data)

.data           0x20000000      0x9d0 load address 0x0800d5c8
                0x20000000                . = ALIGN (0x4)
                0x20000000                _sdata = .
 *(.data)
 *(.data*)
 .data.doubleClickTimDiff
                0x20000000        0x1 CMakeFiles/CCY-MDisplay-Stick.elf.dir/Core/Src/display_logic.c.obj
                0x20000000                doubleClickTimDiff
 *fill*         0x20000001        0x3 
 .data.fragment_list
                0x20000004        0x2 CMakeFiles/CCY-MDisplay-Stick.elf.dir/Core/Src/page_index.c.obj
                0x20000004                fragment_list
 .data.fragment_list_len
                0x20000006        0x1 CMakeFiles/CCY-MDisplay-Stick.elf.dir/Core/Src/page_index.c.obj
                0x20000006                fragment_list_len
 *fill*         0x20000007        0x1 
 .data.SystemCoreClock
                0x20000008        0x4 CMakeFiles/CCY-MDisplay-Stick.elf.dir/Core/Src/system_stm32l0xx.c.obj
                0x20000008                SystemCoreClock
 .data.uwTickFreq
                0x2000000c        0x1 CMakeFiles/CCY-MDisplay-Stick.elf.dir/Drivers/STM32L0xx_HAL_Driver/Src/stm32l0xx_hal.c.obj
                0x2000000c                uwTickFreq
 *fill*         0x2000000d        0x3 
 .data.uwTickPrio
                0x20000010        0x4 CMakeFiles/CCY-MDisplay-Stick.elf.dir/Drivers/STM32L0xx_HAL_Driver/Src/stm32l0xx_hal.c.obj
                0x20000010                uwTickPrio
 .data.Font12CN
                0x20000014        0xc CMakeFiles/CCY-MDisplay-Stick.elf.dir/epd/fonts/font12CN.c.obj
                0x20000014                Font12CN
 .data._impure_ptr
                0x20000020        0x4 d:/progra~2/stmicr~1/gcc-ar~1/bin/../lib/gcc/arm-none-eabi/10.3.1/../../../../arm-none-eabi/lib/thumb/v6-m/nofp\libg.a(lib_a-impure.o)
                0x20000020                _impure_ptr
 *fill*         0x20000024        0x4 
 .data.impure_data
                0x20000028      0x428 d:/progra~2/stmicr~1/gcc-ar~1/bin/../lib/gcc/arm-none-eabi/10.3.1/../../../../arm-none-eabi/lib/thumb/v6-m/nofp\libg.a(lib_a-impure.o)
 .data.__malloc_av_
                0x20000450      0x408 d:/progra~2/stmicr~1/gcc-ar~1/bin/../lib/gcc/arm-none-eabi/10.3.1/../../../../arm-none-eabi/lib/thumb/v6-m/nofp\libg.a(lib_a-mallocr.o)
                0x20000450                __malloc_av_
 .data.__malloc_sbrk_base
                0x20000858        0x4 d:/progra~2/stmicr~1/gcc-ar~1/bin/../lib/gcc/arm-none-eabi/10.3.1/../../../../arm-none-eabi/lib/thumb/v6-m/nofp\libg.a(lib_a-mallocr.o)
                0x20000858                __malloc_sbrk_base
 .data.__malloc_trim_threshold
                0x2000085c        0x4 d:/progra~2/stmicr~1/gcc-ar~1/bin/../lib/gcc/arm-none-eabi/10.3.1/../../../../arm-none-eabi/lib/thumb/v6-m/nofp\libg.a(lib_a-mallocr.o)
                0x2000085c                __malloc_trim_threshold
 .data.__atexit_recursive_mutex
                0x20000860        0x4 d:/progra~2/stmicr~1/gcc-ar~1/bin/../lib/gcc/arm-none-eabi/10.3.1/../../../../arm-none-eabi/lib/thumb/v6-m/nofp\libg.a(lib_a-__call_atexit.o)
                0x20000860                __atexit_recursive_mutex
 .data.__global_locale
                0x20000864      0x16c d:/progra~2/stmicr~1/gcc-ar~1/bin/../lib/gcc/arm-none-eabi/10.3.1/../../../../arm-none-eabi/lib/thumb/v6-m/nofp\libg.a(lib_a-locale.o)
                0x20000864                __global_locale
 *(.RamFunc)
 *(.RamFunc*)
                0x200009d0                . = ALIGN (0x4)
                0x200009d0                _edata = .

.igot.plt       0x200009d0        0x0 load address 0x0800df98
 .igot.plt      0x200009d0        0x0 d:/progra~2/stmicr~1/gcc-ar~1/bin/../lib/gcc/arm-none-eabi/10.3.1/thumb/v6-m/nofp/crtbegin.o
                0x200009d0                . = ALIGN (0x4)

.bss            0x200009d0      0x22c load address 0x0800df98
                0x200009d0                _sbss = .
                0x200009d0                __bss_start__ = _sbss
 *(.bss)
 .bss           0x200009d0       0x1c d:/progra~2/stmicr~1/gcc-ar~1/bin/../lib/gcc/arm-none-eabi/10.3.1/thumb/v6-m/nofp/crtbegin.o
 *(.bss*)
 .bss.hadc      0x200009ec       0x5c CMakeFiles/CCY-MDisplay-Stick.elf.dir/Core/Src/adc.c.obj
                0x200009ec                hadc
 .bss.fac_us    0x20000a48        0x4 CMakeFiles/CCY-MDisplay-Stick.elf.dir/Core/Src/delay.c.obj
 .bss.displayFlag
                0x20000a4c        0x1 CMakeFiles/CCY-MDisplay-Stick.elf.dir/Core/Src/display_logic.c.obj
                0x20000a4c                displayFlag
 .bss.currentFragmentIdx
                0x20000a4d        0x1 CMakeFiles/CCY-MDisplay-Stick.elf.dir/Core/Src/page_index.c.obj
                0x20000a4d                currentFragmentIdx
 *fill*         0x20000a4e        0x2 
 .bss.hrtc      0x20000a50       0x24 CMakeFiles/CCY-MDisplay-Stick.elf.dir/Core/Src/rtc.c.obj
                0x20000a50                hrtc
 .bss.hspi1     0x20000a74       0x58 CMakeFiles/CCY-MDisplay-Stick.elf.dir/Core/Src/spi.c.obj
                0x20000a74                hspi1
 .bss.__sbrk_heap_end
                0x20000acc        0x4 CMakeFiles/CCY-MDisplay-Stick.elf.dir/Core/Src/sysmem.c.obj
 .bss.htim6     0x20000ad0       0x40 CMakeFiles/CCY-MDisplay-Stick.elf.dir/Core/Src/tim.c.obj
                0x20000ad0                htim6
 .bss.huart1    0x20000b10       0x88 CMakeFiles/CCY-MDisplay-Stick.elf.dir/Core/Src/usart.c.obj
                0x20000b10                huart1
 .bss.uwTick    0x20000b98        0x4 CMakeFiles/CCY-MDisplay-Stick.elf.dir/Drivers/STM32L0xx_HAL_Driver/Src/stm32l0xx_hal.c.obj
                0x20000b98                uwTick
 .bss.Paint     0x20000b9c       0x18 CMakeFiles/CCY-MDisplay-Stick.elf.dir/epd/gui/GUI_Paint.c.obj
                0x20000b9c                Paint
 .bss.__malloc_current_mallinfo
                0x20000bb4       0x28 d:/progra~2/stmicr~1/gcc-ar~1/bin/../lib/gcc/arm-none-eabi/10.3.1/../../../../arm-none-eabi/lib/thumb/v6-m/nofp\libg.a(lib_a-mallocr.o)
                0x20000bb4                __malloc_current_mallinfo
 .bss.__malloc_max_sbrked_mem
                0x20000bdc        0x4 d:/progra~2/stmicr~1/gcc-ar~1/bin/../lib/gcc/arm-none-eabi/10.3.1/../../../../arm-none-eabi/lib/thumb/v6-m/nofp\libg.a(lib_a-mallocr.o)
                0x20000bdc                __malloc_max_sbrked_mem
 .bss.__malloc_max_total_mem
                0x20000be0        0x4 d:/progra~2/stmicr~1/gcc-ar~1/bin/../lib/gcc/arm-none-eabi/10.3.1/../../../../arm-none-eabi/lib/thumb/v6-m/nofp\libg.a(lib_a-mallocr.o)
                0x20000be0                __malloc_max_total_mem
 .bss.__malloc_top_pad
                0x20000be4        0x4 d:/progra~2/stmicr~1/gcc-ar~1/bin/../lib/gcc/arm-none-eabi/10.3.1/../../../../arm-none-eabi/lib/thumb/v6-m/nofp\libg.a(lib_a-mallocr.o)
                0x20000be4                __malloc_top_pad
 .bss.__lock___atexit_recursive_mutex
                0x20000be8        0x1 d:/progra~2/stmicr~1/gcc-ar~1/bin/../lib/gcc/arm-none-eabi/10.3.1/../../../../arm-none-eabi/lib/thumb/v6-m/nofp\libg.a(lib_a-lock.o)
                0x20000be8                __lock___atexit_recursive_mutex
 *fill*         0x20000be9        0x3 
 .bss.__lock___malloc_recursive_mutex
                0x20000bec        0x1 d:/progra~2/stmicr~1/gcc-ar~1/bin/../lib/gcc/arm-none-eabi/10.3.1/../../../../arm-none-eabi/lib/thumb/v6-m/nofp\libg.a(lib_a-lock.o)
                0x20000bec                __lock___malloc_recursive_mutex
 *fill*         0x20000bed        0x3 
 .bss.__lock___sfp_recursive_mutex
                0x20000bf0        0x1 d:/progra~2/stmicr~1/gcc-ar~1/bin/../lib/gcc/arm-none-eabi/10.3.1/../../../../arm-none-eabi/lib/thumb/v6-m/nofp\libg.a(lib_a-lock.o)
                0x20000bf0                __lock___sfp_recursive_mutex
 *fill*         0x20000bf1        0x3 
 .bss.__lock___sinit_recursive_mutex
                0x20000bf4        0x1 d:/progra~2/stmicr~1/gcc-ar~1/bin/../lib/gcc/arm-none-eabi/10.3.1/../../../../arm-none-eabi/lib/thumb/v6-m/nofp\libg.a(lib_a-lock.o)
                0x20000bf4                __lock___sinit_recursive_mutex
 *fill*         0x20000bf5        0x3 
 .bss.errno     0x20000bf8        0x4 d:/progra~2/stmicr~1/gcc-ar~1/bin/../lib/gcc/arm-none-eabi/10.3.1/../../../../arm-none-eabi/lib/thumb/v6-m/nofp\libg.a(lib_a-reent.o)
                0x20000bf8                errno
 *(COMMON)
                0x20000bfc                . = ALIGN (0x4)
                0x20000bfc                _ebss = .
                0x20000bfc                __bss_end__ = _ebss

._user_heap_stack
                0x20000bfc      0x604 load address 0x0800df98
                0x20000c00                . = ALIGN (0x8)
 *fill*         0x20000bfc        0x4 
                [!provide]                PROVIDE (end = .)
                0x20000c00                PROVIDE (_end = .)
                0x20000e00                . = (. + _Min_Heap_Size)
 *fill*         0x20000c00      0x200 
                0x20001200                . = (. + _Min_Stack_Size)
 *fill*         0x20000e00      0x400 
                0x20001200                . = ALIGN (0x8)

/DISCARD/
 libc.a(*)
 libm.a(*)
 libgcc.a(*)

.ARM.attributes
                0x00000000       0x28
 *(.ARM.attributes)
 .ARM.attributes
                0x00000000       0x1e d:/progra~2/stmicr~1/gcc-ar~1/bin/../lib/gcc/arm-none-eabi/10.3.1/thumb/v6-m/nofp/crti.o
 .ARM.attributes
                0x0000001e       0x2c d:/progra~2/stmicr~1/gcc-ar~1/bin/../lib/gcc/arm-none-eabi/10.3.1/thumb/v6-m/nofp/crtbegin.o
 .ARM.attributes
                0x0000004a       0x2c CMakeFiles/CCY-MDisplay-Stick.elf.dir/Core/Src/adc.c.obj
 .ARM.attributes
                0x00000076       0x2c CMakeFiles/CCY-MDisplay-Stick.elf.dir/Core/Src/aht20.c.obj
 .ARM.attributes
                0x000000a2       0x2c CMakeFiles/CCY-MDisplay-Stick.elf.dir/Core/Src/delay.c.obj
 .ARM.attributes
                0x000000ce       0x2c CMakeFiles/CCY-MDisplay-Stick.elf.dir/Core/Src/display_logic.c.obj
 .ARM.attributes
                0x000000fa       0x2c CMakeFiles/CCY-MDisplay-Stick.elf.dir/Core/Src/gpio.c.obj
 .ARM.attributes
                0x00000126       0x2c CMakeFiles/CCY-MDisplay-Stick.elf.dir/Core/Src/main.c.obj
 .ARM.attributes
                0x00000152       0x2c CMakeFiles/CCY-MDisplay-Stick.elf.dir/Core/Src/page_datesetting.c.obj
 .ARM.attributes
                0x0000017e       0x2c CMakeFiles/CCY-MDisplay-Stick.elf.dir/Core/Src/page_index.c.obj
 .ARM.attributes
                0x000001aa       0x2c CMakeFiles/CCY-MDisplay-Stick.elf.dir/Core/Src/rtc.c.obj
 .ARM.attributes
                0x000001d6       0x2c CMakeFiles/CCY-MDisplay-Stick.elf.dir/Core/Src/spi.c.obj
 .ARM.attributes
                0x00000202       0x2c CMakeFiles/CCY-MDisplay-Stick.elf.dir/Core/Src/stm32l0xx_hal_msp.c.obj
 .ARM.attributes
                0x0000022e       0x2c CMakeFiles/CCY-MDisplay-Stick.elf.dir/Core/Src/stm32l0xx_it.c.obj
 .ARM.attributes
                0x0000025a       0x2c CMakeFiles/CCY-MDisplay-Stick.elf.dir/Core/Src/syscalls.c.obj
 .ARM.attributes
                0x00000286       0x2c CMakeFiles/CCY-MDisplay-Stick.elf.dir/Core/Src/sysmem.c.obj
 .ARM.attributes
                0x000002b2       0x2c CMakeFiles/CCY-MDisplay-Stick.elf.dir/Core/Src/system_stm32l0xx.c.obj
 .ARM.attributes
                0x000002de       0x2c CMakeFiles/CCY-MDisplay-Stick.elf.dir/Core/Src/tim.c.obj
 .ARM.attributes
                0x0000030a       0x2c CMakeFiles/CCY-MDisplay-Stick.elf.dir/Core/Src/usart.c.obj
 .ARM.attributes
                0x00000336       0x22 CMakeFiles/CCY-MDisplay-Stick.elf.dir/Core/Startup/startup_stm32l071cbtx.s.obj
 .ARM.attributes
                0x00000358       0x2c CMakeFiles/CCY-MDisplay-Stick.elf.dir/Drivers/STM32L0xx_HAL_Driver/Src/stm32l0xx_hal.c.obj
 .ARM.attributes
                0x00000384       0x2c CMakeFiles/CCY-MDisplay-Stick.elf.dir/Drivers/STM32L0xx_HAL_Driver/Src/stm32l0xx_hal_adc.c.obj
 .ARM.attributes
                0x000003b0       0x2c CMakeFiles/CCY-MDisplay-Stick.elf.dir/Drivers/STM32L0xx_HAL_Driver/Src/stm32l0xx_hal_cortex.c.obj
 .ARM.attributes
                0x000003dc       0x2c CMakeFiles/CCY-MDisplay-Stick.elf.dir/Drivers/STM32L0xx_HAL_Driver/Src/stm32l0xx_hal_dma.c.obj
 .ARM.attributes
                0x00000408       0x2c CMakeFiles/CCY-MDisplay-Stick.elf.dir/Drivers/STM32L0xx_HAL_Driver/Src/stm32l0xx_hal_gpio.c.obj
 .ARM.attributes
                0x00000434       0x2c CMakeFiles/CCY-MDisplay-Stick.elf.dir/Drivers/STM32L0xx_HAL_Driver/Src/stm32l0xx_hal_rcc.c.obj
 .ARM.attributes
                0x00000460       0x2c CMakeFiles/CCY-MDisplay-Stick.elf.dir/Drivers/STM32L0xx_HAL_Driver/Src/stm32l0xx_hal_rcc_ex.c.obj
 .ARM.attributes
                0x0000048c       0x2c CMakeFiles/CCY-MDisplay-Stick.elf.dir/Drivers/STM32L0xx_HAL_Driver/Src/stm32l0xx_hal_rtc.c.obj
 .ARM.attributes
                0x000004b8       0x2c CMakeFiles/CCY-MDisplay-Stick.elf.dir/Drivers/STM32L0xx_HAL_Driver/Src/stm32l0xx_hal_spi.c.obj
 .ARM.attributes
                0x000004e4       0x2c CMakeFiles/CCY-MDisplay-Stick.elf.dir/Drivers/STM32L0xx_HAL_Driver/Src/stm32l0xx_hal_tim.c.obj
 .ARM.attributes
                0x00000510       0x2c CMakeFiles/CCY-MDisplay-Stick.elf.dir/Drivers/STM32L0xx_HAL_Driver/Src/stm32l0xx_hal_tim_ex.c.obj
 .ARM.attributes
                0x0000053c       0x2c CMakeFiles/CCY-MDisplay-Stick.elf.dir/Drivers/STM32L0xx_HAL_Driver/Src/stm32l0xx_hal_uart.c.obj
 .ARM.attributes
                0x00000568       0x2c CMakeFiles/CCY-MDisplay-Stick.elf.dir/Drivers/STM32L0xx_HAL_Driver/Src/stm32l0xx_hal_uart_ex.c.obj
 .ARM.attributes
                0x00000594       0x2c CMakeFiles/CCY-MDisplay-Stick.elf.dir/epd/config/DEV_Config.c.obj
 .ARM.attributes
                0x000005c0       0x2c CMakeFiles/CCY-MDisplay-Stick.elf.dir/epd/epd213/EPD_2in13bc.c.obj
 .ARM.attributes
                0x000005ec       0x2c CMakeFiles/CCY-MDisplay-Stick.elf.dir/epd/examples/EPD_2in13bc_test.c.obj
 .ARM.attributes
                0x00000618       0x2c CMakeFiles/CCY-MDisplay-Stick.elf.dir/epd/fonts/font12CN.c.obj
 .ARM.attributes
                0x00000644       0x2c CMakeFiles/CCY-MDisplay-Stick.elf.dir/epd/gui/GUI_Paint.c.obj
 .ARM.attributes
                0x00000670       0x1e d:/progra~2/stmicr~1/gcc-ar~1/bin/../lib/gcc/arm-none-eabi/10.3.1/thumb/v6-m/nofp\libgcc.a(_udivsi3.o)
 .ARM.attributes
                0x0000068e       0x1e d:/progra~2/stmicr~1/gcc-ar~1/bin/../lib/gcc/arm-none-eabi/10.3.1/thumb/v6-m/nofp\libgcc.a(_divsi3.o)
 .ARM.attributes
                0x000006ac       0x1e d:/progra~2/stmicr~1/gcc-ar~1/bin/../lib/gcc/arm-none-eabi/10.3.1/thumb/v6-m/nofp\libgcc.a(_dvmd_tls.o)
 .ARM.attributes
                0x000006ca       0x1e d:/progra~2/stmicr~1/gcc-ar~1/bin/../lib/gcc/arm-none-eabi/10.3.1/thumb/v6-m/nofp\libgcc.a(_aeabi_uldivmod.o)
 .ARM.attributes
                0x000006e8       0x2c d:/progra~2/stmicr~1/gcc-ar~1/bin/../lib/gcc/arm-none-eabi/10.3.1/thumb/v6-m/nofp\libgcc.a(_muldi3.o)
 .ARM.attributes
                0x00000714       0x2c d:/progra~2/stmicr~1/gcc-ar~1/bin/../lib/gcc/arm-none-eabi/10.3.1/thumb/v6-m/nofp\libgcc.a(_udivmoddi4.o)
 .ARM.attributes
                0x00000740       0x2c d:/progra~2/stmicr~1/gcc-ar~1/bin/../lib/gcc/arm-none-eabi/10.3.1/thumb/v6-m/nofp\libgcc.a(subdf3.o)
 .ARM.attributes
                0x0000076c       0x2c d:/progra~2/stmicr~1/gcc-ar~1/bin/../lib/gcc/arm-none-eabi/10.3.1/thumb/v6-m/nofp\libgcc.a(fixdfsi.o)
 .ARM.attributes
                0x00000798       0x2c d:/progra~2/stmicr~1/gcc-ar~1/bin/../lib/gcc/arm-none-eabi/10.3.1/thumb/v6-m/nofp\libgcc.a(floatsidf.o)
 .ARM.attributes
                0x000007c4       0x1e d:/progra~2/stmicr~1/gcc-ar~1/bin/../lib/gcc/arm-none-eabi/10.3.1/thumb/v6-m/nofp\libgcc.a(_clzsi2.o)
 .ARM.attributes
                0x000007e2       0x1e d:/progra~2/stmicr~1/gcc-ar~1/bin/../lib/gcc/arm-none-eabi/10.3.1/thumb/v6-m/nofp\libgcc.a(_clzdi2.o)
 .ARM.attributes
                0x00000800       0x2c d:/progra~2/stmicr~1/gcc-ar~1/bin/../lib/gcc/arm-none-eabi/10.3.1/../../../../arm-none-eabi/lib/thumb/v6-m/nofp\libg.a(lib_a-errno.o)
 .ARM.attributes
                0x0000082c       0x2c d:/progra~2/stmicr~1/gcc-ar~1/bin/../lib/gcc/arm-none-eabi/10.3.1/../../../../arm-none-eabi/lib/thumb/v6-m/nofp\libg.a(lib_a-impure.o)
 .ARM.attributes
                0x00000858       0x2c d:/progra~2/stmicr~1/gcc-ar~1/bin/../lib/gcc/arm-none-eabi/10.3.1/../../../../arm-none-eabi/lib/thumb/v6-m/nofp\libg.a(lib_a-init.o)
 .ARM.attributes
                0x00000884       0x2c d:/progra~2/stmicr~1/gcc-ar~1/bin/../lib/gcc/arm-none-eabi/10.3.1/../../../../arm-none-eabi/lib/thumb/v6-m/nofp\libg.a(lib_a-malloc.o)
 .ARM.attributes
                0x000008b0       0x2c d:/progra~2/stmicr~1/gcc-ar~1/bin/../lib/gcc/arm-none-eabi/10.3.1/../../../../arm-none-eabi/lib/thumb/v6-m/nofp\libg.a(lib_a-mallocr.o)
 .ARM.attributes
                0x000008dc       0x2c d:/progra~2/stmicr~1/gcc-ar~1/bin/../lib/gcc/arm-none-eabi/10.3.1/../../../../arm-none-eabi/lib/thumb/v6-m/nofp\libg.a(lib_a-memcpy-stub.o)
 .ARM.attributes
                0x00000908       0x2c d:/progra~2/stmicr~1/gcc-ar~1/bin/../lib/gcc/arm-none-eabi/10.3.1/../../../../arm-none-eabi/lib/thumb/v6-m/nofp\libg.a(lib_a-memset.o)
 .ARM.attributes
                0x00000934       0x2c d:/progra~2/stmicr~1/gcc-ar~1/bin/../lib/gcc/arm-none-eabi/10.3.1/../../../../arm-none-eabi/lib/thumb/v6-m/nofp\libg.a(lib_a-mlock.o)
 .ARM.attributes
                0x00000960       0x2c d:/progra~2/stmicr~1/gcc-ar~1/bin/../lib/gcc/arm-none-eabi/10.3.1/../../../../arm-none-eabi/lib/thumb/v6-m/nofp\libg.a(lib_a-printf.o)
 .ARM.attributes
                0x0000098c       0x2c d:/progra~2/stmicr~1/gcc-ar~1/bin/../lib/gcc/arm-none-eabi/10.3.1/../../../../arm-none-eabi/lib/thumb/v6-m/nofp\libg.a(lib_a-puts.o)
 .ARM.attributes
                0x000009b8       0x2c d:/progra~2/stmicr~1/gcc-ar~1/bin/../lib/gcc/arm-none-eabi/10.3.1/../../../../arm-none-eabi/lib/thumb/v6-m/nofp\libg.a(lib_a-sbrkr.o)
 .ARM.attributes
                0x000009e4       0x2c d:/progra~2/stmicr~1/gcc-ar~1/bin/../lib/gcc/arm-none-eabi/10.3.1/../../../../arm-none-eabi/lib/thumb/v6-m/nofp\libg.a(lib_a-strlen-stub.o)
 .ARM.attributes
                0x00000a10       0x2c d:/progra~2/stmicr~1/gcc-ar~1/bin/../lib/gcc/arm-none-eabi/10.3.1/../../../../arm-none-eabi/lib/thumb/v6-m/nofp\libg.a(lib_a-vfprintf.o)
 .ARM.attributes
                0x00000a3c       0x2c d:/progra~2/stmicr~1/gcc-ar~1/bin/../lib/gcc/arm-none-eabi/10.3.1/../../../../arm-none-eabi/lib/thumb/v6-m/nofp\libg.a(lib_a-wsetup.o)
 .ARM.attributes
                0x00000a68       0x2c d:/progra~2/stmicr~1/gcc-ar~1/bin/../lib/gcc/arm-none-eabi/10.3.1/../../../../arm-none-eabi/lib/thumb/v6-m/nofp\libg.a(lib_a-__call_atexit.o)
 .ARM.attributes
                0x00000a94       0x2c d:/progra~2/stmicr~1/gcc-ar~1/bin/../lib/gcc/arm-none-eabi/10.3.1/../../../../arm-none-eabi/lib/thumb/v6-m/nofp\libg.a(lib_a-atexit.o)
 .ARM.attributes
                0x00000ac0       0x2c d:/progra~2/stmicr~1/gcc-ar~1/bin/../lib/gcc/arm-none-eabi/10.3.1/../../../../arm-none-eabi/lib/thumb/v6-m/nofp\libg.a(lib_a-dtoa.o)
 .ARM.attributes
                0x00000aec       0x2c d:/progra~2/stmicr~1/gcc-ar~1/bin/../lib/gcc/arm-none-eabi/10.3.1/../../../../arm-none-eabi/lib/thumb/v6-m/nofp\libg.a(lib_a-fflush.o)
 .ARM.attributes
                0x00000b18       0x2c d:/progra~2/stmicr~1/gcc-ar~1/bin/../lib/gcc/arm-none-eabi/10.3.1/../../../../arm-none-eabi/lib/thumb/v6-m/nofp\libg.a(lib_a-findfp.o)
 .ARM.attributes
                0x00000b44       0x2c d:/progra~2/stmicr~1/gcc-ar~1/bin/../lib/gcc/arm-none-eabi/10.3.1/../../../../arm-none-eabi/lib/thumb/v6-m/nofp\libg.a(lib_a-fini.o)
 .ARM.attributes
                0x00000b70       0x2c d:/progra~2/stmicr~1/gcc-ar~1/bin/../lib/gcc/arm-none-eabi/10.3.1/../../../../arm-none-eabi/lib/thumb/v6-m/nofp\libg.a(lib_a-freer.o)
 .ARM.attributes
                0x00000b9c       0x2c d:/progra~2/stmicr~1/gcc-ar~1/bin/../lib/gcc/arm-none-eabi/10.3.1/../../../../arm-none-eabi/lib/thumb/v6-m/nofp\libg.a(lib_a-fvwrite.o)
 .ARM.attributes
                0x00000bc8       0x2c d:/progra~2/stmicr~1/gcc-ar~1/bin/../lib/gcc/arm-none-eabi/10.3.1/../../../../arm-none-eabi/lib/thumb/v6-m/nofp\libg.a(lib_a-fwalk.o)
 .ARM.attributes
                0x00000bf4       0x2c d:/progra~2/stmicr~1/gcc-ar~1/bin/../lib/gcc/arm-none-eabi/10.3.1/../../../../arm-none-eabi/lib/thumb/v6-m/nofp\libg.a(lib_a-localeconv.o)
 .ARM.attributes
                0x00000c20       0x2c d:/progra~2/stmicr~1/gcc-ar~1/bin/../lib/gcc/arm-none-eabi/10.3.1/../../../../arm-none-eabi/lib/thumb/v6-m/nofp\libg.a(lib_a-lock.o)
 .ARM.attributes
                0x00000c4c       0x2c d:/progra~2/stmicr~1/gcc-ar~1/bin/../lib/gcc/arm-none-eabi/10.3.1/../../../../arm-none-eabi/lib/thumb/v6-m/nofp\libg.a(lib_a-makebuf.o)
 .ARM.attributes
                0x00000c78       0x2c d:/progra~2/stmicr~1/gcc-ar~1/bin/../lib/gcc/arm-none-eabi/10.3.1/../../../../arm-none-eabi/lib/thumb/v6-m/nofp\libg.a(lib_a-memchr-stub.o)
 .ARM.attributes
                0x00000ca4       0x2c d:/progra~2/stmicr~1/gcc-ar~1/bin/../lib/gcc/arm-none-eabi/10.3.1/../../../../arm-none-eabi/lib/thumb/v6-m/nofp\libg.a(lib_a-memmove.o)
 .ARM.attributes
                0x00000cd0       0x2c d:/progra~2/stmicr~1/gcc-ar~1/bin/../lib/gcc/arm-none-eabi/10.3.1/../../../../arm-none-eabi/lib/thumb/v6-m/nofp\libg.a(lib_a-mprec.o)
 .ARM.attributes